13:18:50 **** Build of project servo_bsp ****
make -k all 
Running Make include in microblaze_0/libsrc/standalone_v6_7/src
make -C microblaze_0/libsrc/standalone_v6_7/src -s include  "SHELL=/bin/sh" "COMPILER=mb-gcc" "ARCHIVER=mb-ar" "COMPILER_FLAGS=  -O2 -c -mcpu=v10.0 -mlittle-endian -mxl-soft-mul" "EXTRA_COMPILER_FLAGS=-ffunction-sections -fdata-sections -Wall -Wextra"
Running Make include in microblaze_0/libsrc/AXI_rc_servo_controller_v1_0/src
make -C microblaze_0/libsrc/AXI_rc_servo_controller_v1_0/src -s include  "SHELL=/bin/sh" "COMPILER=mb-gcc" "ARCHIVER=mb-ar" "COMPILER_FLAGS=  -O2 -c -mcpu=v10.0 -mlittle-endian -mxl-soft-mul" "EXTRA_COMPILER_FLAGS=-ffunction-sections -fdata-sections -Wall -Wextra"
Running Make include in microblaze_0/libsrc/uartlite_v3_2/src
make -C microblaze_0/libsrc/uartlite_v3_2/src -s include  "SHELL=/bin/sh" "COMPILER=mb-gcc" "ARCHIVER=mb-ar" "COMPILER_FLAGS=  -O2 -c -mcpu=v10.0 -mlittle-endian -mxl-soft-mul" "EXTRA_COMPILER_FLAGS=-ffunction-sections -fdata-sections -Wall -Wextra"
Running Make include in microblaze_0/libsrc/bram_v4_2/src
make -C microblaze_0/libsrc/bram_v4_2/src -s include  "SHELL=/bin/sh" "COMPILER=mb-gcc" "ARCHIVER=mb-ar" "COMPILER_FLAGS=  -O2 -c -mcpu=v10.0 -mlittle-endian -mxl-soft-mul" "EXTRA_COMPILER_FLAGS=-ffunction-sections -fdata-sections -Wall -Wextra"
Running Make include in microblaze_0/libsrc/cpu_v2_7/src
make -C microblaze_0/libsrc/cpu_v2_7/src -s include  "SHELL=/bin/sh" "COMPILER=mb-gcc" "ARCHIVER=mb-ar" "COMPILER_FLAGS=  -O2 -c -mcpu=v10.0 -mlittle-endian -mxl-soft-mul" "EXTRA_COMPILER_FLAGS=-ffunction-sections -fdata-sections -Wall -Wextra"
Running Make libs in microblaze_0/libsrc/standalone_v6_7/src
make -C microblaze_0/libsrc/standalone_v6_7/src -s libs  "SHELL=/bin/sh" "COMPILER=mb-gcc" "ARCHIVER=mb-ar" "COMPILER_FLAGS=  -O2 -c -mcpu=v10.0 -mlittle-endian -mxl-soft-mul" "EXTRA_COMPILER_FLAGS=-ffunction-sections -fdata-sections -Wall -Wextra"
Compiling standalone
microblaze_sleep.c:74:9: note: #pragma message: For the sleep routines, assembly instructions are used
 #pragma message ("For the sleep routines, assembly instructions are used")
         ^~~~~~~
mb-ar: creating ../../../lib/libxil.a
Running Make libs in microblaze_0/libsrc/AXI_rc_servo_controller_v1_0/src
make -C microblaze_0/libsrc/AXI_rc_servo_controller_v1_0/src -s libs  "SHELL=/bin/sh" "COMPILER=mb-gcc" "ARCHIVER=mb-ar" "COMPILER_FLAGS=  -O2 -c -mcpu=v10.0 -mlittle-endian -mxl-soft-mul" "EXTRA_COMPILER_FLAGS=-ffunction-sections -fdata-sections -Wall -Wextra"
Compiling AXI_rc_servo_controller...
AXI_rc_servo_controller_selftest.c: In function 'AXI_RC_SERVO_CONTROLLER_Reg_SelfTest':
AXI_rc_servo_controller_selftest.c:52:72: warning: comparison between signed and unsigned integer expressions [-Wsign-compare]
    if ( AXI_RC_SERVO_CONTROLLER_mReadReg (baseaddr, read_loop_index*4) != (read_loop_index+1)*READ_WRITE_MUL_FACTOR){
                                                                        ^~
AXI_rc_servo_controller_selftest.c:36:6: warning: unused variable 'Index' [-Wunused-variable]
  int Index;
      ^~~~~
Running Make libs in microblaze_0/libsrc/uartlite_v3_2/src
make -C microblaze_0/libsrc/uartlite_v3_2/src -s libs  "SHELL=/bin/sh" "COMPILER=mb-gcc" "ARCHIVER=mb-ar" "COMPILER_FLAGS=  -O2 -c -mcpu=v10.0 -mlittle-endian -mxl-soft-mul" "EXTRA_COMPILER_FLAGS=-ffunction-sections -fdata-sections -Wall -Wextra"
Compiling uartlite
Running Make libs in microblaze_0/libsrc/bram_v4_2/src
make -C microblaze_0/libsrc/bram_v4_2/src -s libs  "SHELL=/bin/sh" "COMPILER=mb-gcc" "ARCHIVER=mb-ar" "COMPILER_FLAGS=  -O2 -c -mcpu=v10.0 -mlittle-endian -mxl-soft-mul" "EXTRA_COMPILER_FLAGS=-ffunction-sections -fdata-sections -Wall -Wextra"
Compiling bram
Running Make libs in microblaze_0/libsrc/cpu_v2_7/src
make -C microblaze_0/libsrc/cpu_v2_7/src -s libs  "SHELL=/bin/sh" "COMPILER=mb-gcc" "ARCHIVER=mb-ar" "COMPILER_FLAGS=  -O2 -c -mcpu=v10.0 -mlittle-endian -mxl-soft-mul" "EXTRA_COMPILER_FLAGS=-ffunction-sections -fdata-sections -Wall -Wextra"
Compiling cpu
Finished building libraries

**** Build of configuration Debug for project servo ****

Nothing to build for project servo
13:35:48 **** Auto Build of configuration Debug for project servo ****
make all 
Building file: ../src/main.c
Invoking: MicroBlaze gcc compiler
mb-gcc -Wall -O0 -g3 -c -fmessage-length=0 -MT"src/main.o" -I../../servo_bsp/microblaze_0/include -mlittle-endian -mcpu=v10.0 -mxl-soft-mul -Wl,--no-relax -ffunction-sections -fdata-sections -MMD -MP -MF"src/main.d" -MT"src/main.o" -o "src/main.o" "../src/main.c"
Finished building: ../src/main.c
 
Building target: servo.elf
Invoking: MicroBlaze gcc linker
mb-gcc -Wl,-T -Wl,../src/lscript.ld -L../../servo_bsp/microblaze_0/lib -mlittle-endian -mcpu=v10.0 -mxl-soft-mul -Wl,--no-relax -Wl,--gc-sections -o "servo.elf"  ./src/main.o   -Wl,--start-group,-lxil,-lgcc,-lc,--end-group
/home/jorge/Xilinx/SDK/2018.2/gnu/microblaze/lin/bin/../lib/gcc/microblaze-xilinx-elf/7.2.0/../../../../microblaze-xilinx-elf/lib/le/crtinit.o: In function `_crtinit':
(.text+0x78): undefined reference to `main'
collect2: error: ld returned 1 exit status
make: *** [servo.elf] Error 1
makefile:36: recipe for target 'servo.elf' failed
13:36:54 **** Auto Build of configuration Debug for project servo ****
make all 
Building file: ../src/servo_control.c
Invoking: MicroBlaze gcc compiler
mb-gcc -Wall -O0 -g3 -c -fmessage-length=0 -MT"src/servo_control.o" -I../../servo_bsp/microblaze_0/include -mlittle-endian -mcpu=v10.0 -mxl-soft-mul -Wl,--no-relax -ffunction-sections -fdata-sections -MMD -MP -MF"src/servo_control.d" -MT"src/servo_control.o" -o "src/servo_control.o" "../src/servo_control.c"
Finished building: ../src/servo_control.c
 
Building target: servo.elf
Invoking: MicroBlaze gcc linker
mb-gcc -Wl,-T -Wl,../src/lscript.ld -L../../servo_bsp/microblaze_0/lib -mlittle-endian -mcpu=v10.0 -mxl-soft-mul -Wl,--no-relax -Wl,--gc-sections -o "servo.elf"  ./src/main.o ./src/servo_control.o   -Wl,--start-group,-lxil,-lgcc,-lc,--end-group
/home/jorge/Xilinx/SDK/2018.2/gnu/microblaze/lin/bin/../lib/gcc/microblaze-xilinx-elf/7.2.0/../../../../microblaze-xilinx-elf/lib/le/crtinit.o: In function `_crtinit':
(.text+0x78): undefined reference to `main'
collect2: error: ld returned 1 exit status
make: *** [servo.elf] Error 1
makefile:36: recipe for target 'servo.elf' failed
13:37:04 **** Auto Build of configuration Debug for project servo ****
make all 
Building file: ../src/servo_control.c
Invoking: MicroBlaze gcc compiler
mb-gcc -Wall -O0 -g3 -c -fmessage-length=0 -MT"src/servo_control.o" -I../../servo_bsp/microblaze_0/include -mlittle-endian -mcpu=v10.0 -mxl-soft-mul -Wl,--no-relax -ffunction-sections -fdata-sections -MMD -MP -MF"src/servo_control.d" -MT"src/servo_control.o" -o "src/servo_control.o" "../src/servo_control.c"
../src/servo_control.c:8:10: fatal error: xintc_l.h: No such file or directory
 #include "xintc_l.h"
          ^~~~~~~~~~~
compilation terminated.
make: *** [src/servo_control.o] Error 1
src/subdir.mk:24: recipe for target 'src/servo_control.o' failed
13:37:28 **** Auto Build of configuration Debug for project servo ****
make all 
Building file: ../src/servo_control.c
Invoking: MicroBlaze gcc compiler
mb-gcc -Wall -O0 -g3 -c -fmessage-length=0 -MT"src/servo_control.o" -I../../servo_bsp/microblaze_0/include -mlittle-endian -mcpu=v10.0 -mxl-soft-mul -Wl,--no-relax -ffunction-sections -fdata-sections -MMD -MP -MF"src/servo_control.d" -MT"src/servo_control.o" -o "src/servo_control.o" "../src/servo_control.c"
../src/servo_control.c:8:10: fatal error: xintc_l.h: No such file or directory
 #include "xintc_l.h"
          ^~~~~~~~~~~
compilation terminated.
src/subdir.mk:27: recipe for target 'src/servo_control.o' failed
make: *** [src/servo_control.o] Error 1
13:37:40 **** Auto Build of configuration Debug for project servo ****
make all 
Building file: ../src/servo_control.c
Invoking: MicroBlaze gcc compiler
mb-gcc -Wall -O0 -g3 -c -fmessage-length=0 -MT"src/servo_control.o" -I../../servo_bsp/microblaze_0/include -mlittle-endian -mcpu=v10.0 -mxl-soft-mul -Wl,--no-relax -ffunction-sections -fdata-sections -MMD -MP -MF"src/servo_control.d" -MT"src/servo_control.o" -o "src/servo_control.o" "../src/servo_control.c"
../src/servo_control.c:8:10: fatal error: xintc_l.h: No such file or directory
 #include "xintc_l.h"
          ^~~~~~~~~~~
compilation terminated.
make: *** [src/servo_control.o] Error 1
src/subdir.mk:27: recipe for target 'src/servo_control.o' failed
13:38:35 **** Auto Build of configuration Debug for project servo ****
make all 
Building file: ../src/rc_servo_control.c
Invoking: MicroBlaze gcc compiler
mb-gcc -Wall -O0 -g3 -c -fmessage-length=0 -MT"src/rc_servo_control.o" -I../../servo_bsp/microblaze_0/include -mlittle-endian -mcpu=v10.0 -mxl-soft-mul -Wl,--no-relax -ffunction-sections -fdata-sections -MMD -MP -MF"src/rc_servo_control.d" -MT"src/rc_servo_control.o" -o "src/rc_servo_control.o" "../src/rc_servo_control.c"
Finished building: ../src/rc_servo_control.c
 
Building file: ../src/servo_control.c
Invoking: MicroBlaze gcc compiler
mb-gcc -Wall -O0 -g3 -c -fmessage-length=0 -MT"src/servo_control.o" -I../../servo_bsp/microblaze_0/include -mlittle-endian -mcpu=v10.0 -mxl-soft-mul -Wl,--no-relax -ffunction-sections -fdata-sections -MMD -MP -MF"src/servo_control.d" -MT"src/servo_control.o" -o "src/servo_control.o" "../src/servo_control.c"
../src/servo_control.c:8:10: fatal error: xintc_l.h: No such file or directory
src/subdir.mk:30: recipe for target 'src/servo_control.o' failed
 #include "xintc_l.h"
          ^~~~~~~~~~~
compilation terminated.
make: *** [src/servo_control.o] Error 1
13:38:58 **** Auto Build of configuration Debug for project servo ****
make all 
Building file: ../src/rc_servo_control.c
Invoking: MicroBlaze gcc compiler
mb-gcc -Wall -O0 -g3 -c -fmessage-length=0 -MT"src/rc_servo_control.o" -I../../servo_bsp/microblaze_0/include -mlittle-endian -mcpu=v10.0 -mxl-soft-mul -Wl,--no-relax -ffunction-sections -fdata-sections -MMD -MP -MF"src/rc_servo_control.d" -MT"src/rc_servo_control.o" -o "src/rc_servo_control.o" "../src/rc_servo_control.c"
../src/rc_servo_control.c:8:10: fatal error: rc_servo_control.h: No such file or directory
 #include "rc_servo_control.h"
          ^~~~~~~~~~~~~~~~~~~~
src/subdir.mk:30: recipe for target 'src/rc_servo_control.o' failed
compilation terminated.
make: *** [src/rc_servo_control.o] Error 1
13:45:01 **** Auto Build of configuration Debug for project servo ****
make all 
Building file: ../src/rc_servo_control.c
Invoking: MicroBlaze gcc compiler
mb-gcc -Wall -O0 -g3 -c -fmessage-length=0 -MT"src/rc_servo_control.o" -I../../servo_bsp/microblaze_0/include -mlittle-endian -mcpu=v10.0 -mxl-soft-mul -Wl,--no-relax -ffunction-sections -fdata-sections -MMD -MP -MF"src/rc_servo_control.d" -MT"src/rc_servo_control.o" -o "src/rc_servo_control.o" "../src/rc_servo_control.c"
../src/rc_servo_control.c: In function 'rc_servo_set_servo_position':
../src/rc_servo_control.c:17:3: warning: implicit declaration of function 'rc_servo_set_servo_register'; did you mean 'rc_servo_set_servo_position'? [-Wimplicit-function-declaration]
   rc_servo_set_servo_register(baseaddr, 128 + (servo_number*4), position);
   ^~~~~~~~~~~~~~~~~~~~~~~~~~~
   rc_servo_set_servo_position
../src/rc_servo_control.c: In function 'rc_servo_get_servo_position':
../src/rc_servo_control.c:26:10: warning: implicit declaration of function 'rc_servo_get_servo_register'; did you mean 'rc_servo_get_servo_position'? [-Wimplicit-function-declaration]
   temp = rc_servo_get_servo_register(baseaddr, 128 + (servo_number*4));
          ^~~~~~~~~~~~~~~~~~~~~~~~~~~
          rc_servo_get_servo_position
../src/rc_servo_control.c: At top level:
../src/rc_servo_control.c:76:6: warning: conflicting types for 'rc_servo_set_servo_register'
 void rc_servo_set_servo_register(int baseaddr, int offset, int value)
      ^~~~~~~~~~~~~~~~~~~~~~~~~~~
../src/rc_servo_control.c:17:3: note: previous implicit declaration of 'rc_servo_set_servo_register' was here
   rc_servo_set_servo_register(baseaddr, 128 + (servo_number*4), position);
   ^~~~~~~~~~~~~~~~~~~~~~~~~~~
Finished building: ../src/rc_servo_control.c
 
Building file: ../src/servo_control.c
Invoking: MicroBlaze gcc compiler
mb-gcc -Wall -O0 -g3 -c -fmessage-length=0 -MT"src/servo_control.o" -I../../servo_bsp/microblaze_0/include -mlittle-endian -mcpu=v10.0 -mxl-soft-mul -Wl,--no-relax -ffunction-sections -fdata-sections -MMD -MP -MF"src/servo_control.d" -MT"src/servo_control.o" -o "src/servo_control.o" "../src/servo_control.c"
../src/servo_control.c:8:10: fatal error: xintc_l.h: No such file or directory
 #include "xintc_l.h"
src/subdir.mk:30: recipe for target 'src/servo_control.o' failed
          ^~~~~~~~~~~
compilation terminated.
make: *** [src/servo_control.o] Error 1
13:45:06 **** Auto Build of configuration Debug for project servo ****
make all 
Building file: ../src/rc_servo_control.c
Invoking: MicroBlaze gcc compiler
mb-gcc -Wall -O0 -g3 -c -fmessage-length=0 -MT"src/rc_servo_control.o" -I../../servo_bsp/microblaze_0/include -mlittle-endian -mcpu=v10.0 -mxl-soft-mul -Wl,--no-relax -ffunction-sections -fdata-sections -MMD -MP -MF"src/rc_servo_control.d" -MT"src/rc_servo_control.o" -o "src/rc_servo_control.o" "../src/rc_servo_control.c"
Finished building: ../src/rc_servo_control.c
 
Building file: ../src/servo_control.c
Invoking: MicroBlaze gcc compiler
mb-gcc -Wall -O0 -g3 -c -fmessage-length=0 -MT"src/servo_control.o" -I../../servo_bsp/microblaze_0/include -mlittle-endian -mcpu=v10.0 -mxl-soft-mul -Wl,--no-relax -ffunction-sections -fdata-sections -MMD -MP -MF"src/servo_control.d" -MT"src/servo_control.o" -o "src/servo_control.o" "../src/servo_control.c"
../src/servo_control.c:8:10: fatal error: xintc_l.h: No such file or directory
 #include "xintc_l.h"
          ^~~~~~~~~~~
compilation terminated.
src/subdir.mk:30: recipe for target 'src/servo_control.o' failed
make: *** [src/servo_control.o] Error 1
13:45:26 **** Auto Build of configuration Debug for project servo ****
make all 
Building file: ../src/servo_control.c
Invoking: MicroBlaze gcc compiler
mb-gcc -Wall -O0 -g3 -c -fmessage-length=0 -MT"src/servo_control.o" -I../../servo_bsp/microblaze_0/include -mlittle-endian -mcpu=v10.0 -mxl-soft-mul -Wl,--no-relax -ffunction-sections -fdata-sections -MMD -MP -MF"src/servo_control.d" -MT"src/servo_control.o" -o "src/servo_control.o" "../src/servo_control.c"
../src/servo_control.c:9:10: fatal error: xintc.h: No such file or directory
 #include "xintc.h"
          ^~~~~~~~~
compilation terminated.
make: *** [src/servo_control.o] Error 1
src/subdir.mk:30: recipe for target 'src/servo_control.o' failed
13:46:05 **** Auto Build of configuration Debug for project servo ****
make all 
Building file: ../src/servo_control.c
Invoking: MicroBlaze gcc compiler
mb-gcc -Wall -O0 -g3 -c -fmessage-length=0 -MT"src/servo_control.o" -I../../servo_bsp/microblaze_0/include -mlittle-endian -mcpu=v10.0 -mxl-soft-mul -Wl,--no-relax -ffunction-sections -fdata-sections -MMD -MP -MF"src/servo_control.d" -MT"src/servo_control.o" -o "src/servo_control.o" "../src/servo_control.c"
../src/servo_control.c:8:10: fatal error: xintc_l.h: No such file or directory
 #include "xintc_l.h"
          ^~~~~~~~~~~
compilation terminated.
src/subdir.mk:30: recipe for target 'src/servo_control.o' failed
make: *** [src/servo_control.o] Error 1
14:22:28 **** Auto Build of configuration Debug for project servo ****
make all 
Building file: ../src/servo_control.c
Invoking: MicroBlaze gcc compiler
mb-gcc -Wall -O0 -g3 -c -fmessage-length=0 -MT"src/servo_control.o" -I../../servo_bsp/microblaze_0/include -mlittle-endian -mcpu=v10.0 -mxl-soft-mul -Wl,--no-relax -ffunction-sections -fdata-sections -MMD -MP -MF"src/servo_control.d" -MT"src/servo_control.o" -o "src/servo_control.o" "../src/servo_control.c"
../src/servo_control.c:8:10: fatal error: xintc_l.h: No such file or directory
 #include "xintc_l.h"
src/subdir.mk:30: recipe for target 'src/servo_control.o' failed
          ^~~~~~~~~~~
compilation terminated.
make: *** [src/servo_control.o] Error 1
14:22:46 **** Incremental Build of configuration Debug for project servo ****
make all 
Building file: ../src/servo_control.c
Invoking: MicroBlaze gcc compiler
mb-gcc -Wall -O0 -g3 -c -fmessage-length=0 -MT"src/servo_control.o" -I../../servo_bsp/microblaze_0/include -mlittle-endian -mcpu=v10.0 -mxl-soft-mul -Wl,--no-relax -ffunction-sections -fdata-sections -MMD -MP -MF"src/servo_control.d" -MT"src/servo_control.o" -o "src/servo_control.o" "../src/servo_control.c"
../src/servo_control.c:8:10: fatal error: xintc_l.h: No such file or directory
 #include "xintc_l.h"
          ^~~~~~~~~~~
compilation terminated.
src/subdir.mk:30: recipe for target 'src/servo_control.o' failed
make: *** [src/servo_control.o] Error 1
14:29:14 **** Auto Build of configuration Debug for project servo ****
make all 
Building file: ../src/servo_control.c
Invoking: MicroBlaze gcc compiler
mb-gcc -Wall -O0 -g3 -c -fmessage-length=0 -MT"src/servo_control.o" -I../../servo_bsp/microblaze_0/include -mlittle-endian -mcpu=v10.0 -mxl-soft-mul -Wl,--no-relax -ffunction-sections -fdata-sections -MMD -MP -MF"src/servo_control.d" -MT"src/servo_control.o" -o "src/servo_control.o" "../src/servo_control.c"
../src/servo_control.c:8:10: fatal error: xintc_l.h: No such file or directory
 #include "xintc_l.h"
          ^~~~~~~~~~~
src/subdir.mk:30: recipe for target 'src/servo_control.o' failed
compilation terminated.
make: *** [src/servo_control.o] Error 1
14:29:22 **** Auto Build of configuration Debug for project servo ****
make all 
Building file: ../src/servo_control.c
Invoking: MicroBlaze gcc compiler
mb-gcc -Wall -O0 -g3 -c -fmessage-length=0 -MT"src/servo_control.o" -I../../servo_bsp/microblaze_0/include -mlittle-endian -mcpu=v10.0 -mxl-soft-mul -Wl,--no-relax -ffunction-sections -fdata-sections -MMD -MP -MF"src/servo_control.d" -MT"src/servo_control.o" -o "src/servo_control.o" "../src/servo_control.c"
../src/servo_control.c:8:10: fatal error: xintc_l.h: No such file or directory
src/subdir.mk:30: recipe for target 'src/servo_control.o' failed
 #include "xintc_l.h"
          ^~~~~~~~~~~
compilation terminated.
make: *** [src/servo_control.o] Error 1
14:29:29 **** Auto Build of configuration Debug for project servo ****
make all 
Building file: ../src/servo_control.c
Invoking: MicroBlaze gcc compiler
mb-gcc -Wall -O0 -g3 -c -fmessage-length=0 -MT"src/servo_control.o" -I../../servo_bsp/microblaze_0/include -mlittle-endian -mcpu=v10.0 -mxl-soft-mul -Wl,--no-relax -ffunction-sections -fdata-sections -MMD -MP -MF"src/servo_control.d" -MT"src/servo_control.o" -o "src/servo_control.o" "../src/servo_control.c"
../src/servo_control.c:8:10: fatal error: xintc_l.h: No such file or directory
 #include "xintc_l.h"
          ^~~~~~~~~~~
src/subdir.mk:30: recipe for target 'src/servo_control.o' failed
compilation terminated.
make: *** [src/servo_control.o] Error 1
14:30:37 **** Auto Build of configuration Debug for project servo ****
make all 
Building file: ../src/servo_control.c
Invoking: MicroBlaze gcc compiler
mb-gcc -Wall -O0 -g3 -c -fmessage-length=0 -MT"src/servo_control.o" -I../../servo_bsp/microblaze_0/include -mlittle-endian -mcpu=v10.0 -mxl-soft-mul -Wl,--no-relax -ffunction-sections -fdata-sections -MMD -MP -MF"src/servo_control.d" -MT"src/servo_control.o" -o "src/servo_control.o" "../src/servo_control.c"
In file included from ../src/servo_control.c:9:0:
../src/xintc.h:316:2: error: unknown type name 'XIntc_VectorTableEntry'
  XIntc_VectorTableEntry HandlerTable[XPAR_INTC_MAX_NUM_INTR_INPUTS];
  ^~~~~~~~~~~~~~~~~~~~~~
../src/xintc.h:316:38: error: 'XPAR_INTC_MAX_NUM_INTR_INPUTS' undeclared here (not in a function); did you mean 'XPAR_XBRAM_NUM_INSTANCES'?
  XIntc_VectorTableEntry HandlerTable[XPAR_INTC_MAX_NUM_INTR_INPUTS];
                                      ^~~~~~~~~~~~~~~~~~~~~~~~~~~~~
                                      XPAR_XBRAM_NUM_INSTANCES
../src/xintc.h:359:5: error: unknown type name 'XFastInterruptHandler'; did you mean 'XInterruptHandler'?
     XFastInterruptHandler Handler);
     ^~~~~~~~~~~~~~~~~~~~~
     XInterruptHandler
../src/servo_control.c:11:10: fatal error: xtmrctr_l.h: No such file or directory
 #include "xtmrctr_l.h"
          ^~~~~~~~~~~~~
src/subdir.mk:30: recipe for target 'src/servo_control.o' failed
compilation terminated.
make: *** [src/servo_control.o] Error 1
14:30:43 **** Auto Build of configuration Debug for project servo ****
make all 
Building file: ../src/servo_control.c
Invoking: MicroBlaze gcc compiler
mb-gcc -Wall -O0 -g3 -c -fmessage-length=0 -MT"src/servo_control.o" -I../../servo_bsp/microblaze_0/include -mlittle-endian -mcpu=v10.0 -mxl-soft-mul -Wl,--no-relax -ffunction-sections -fdata-sections -MMD -MP -MF"src/servo_control.d" -MT"src/servo_control.o" -o "src/servo_control.o" "../src/servo_control.c"
In file included from ../src/servo_control.c:9:0:
../src/xintc.h:316:38: error: 'XPAR_INTC_MAX_NUM_INTR_INPUTS' undeclared here (not in a function); did you mean 'XPAR_XBRAM_NUM_INSTANCES'?
  XIntc_VectorTableEntry HandlerTable[XPAR_INTC_MAX_NUM_INTR_INPUTS];
                                      ^~~~~~~~~~~~~~~~~~~~~~~~~~~~~
                                      XPAR_XBRAM_NUM_INSTANCES
../src/servo_control.c:11:10: fatal error: xtmrctr_l.h: No such file or directory
 #include "xtmrctr_l.h"
          ^~~~~~~~~~~~~
compilation terminated.
src/subdir.mk:30: recipe for target 'src/servo_control.o' failed
make: *** [src/servo_control.o] Error 1
14:31:55 **** Auto Build of configuration Debug for project servo ****
make all 
Building file: ../src/servo_control.c
Invoking: MicroBlaze gcc compiler
mb-gcc -Wall -O0 -g3 -c -fmessage-length=0 -MT"src/servo_control.o" -I../../servo_bsp/microblaze_0/include -mlittle-endian -mcpu=v10.0 -mxl-soft-mul -Wl,--no-relax -ffunction-sections -fdata-sections -MMD -MP -MF"src/servo_control.d" -MT"src/servo_control.o" -o "src/servo_control.o" "../src/servo_control.c"
In file included from ../src/servo_control.c:9:0:
../src/xintc.h:316:38: error: 'XPAR_INTC_MAX_NUM_INTR_INPUTS' undeclared here (not in a function); did you mean 'XPAR_XBRAM_NUM_INSTANCES'?
  XIntc_VectorTableEntry HandlerTable[XPAR_INTC_MAX_NUM_INTR_INPUTS];
                                      ^~~~~~~~~~~~~~~~~~~~~~~~~~~~~
                                      XPAR_XBRAM_NUM_INSTANCES
../src/servo_control.c:31:7: error: expected declaration specifiers or '...' before string constant
 print("Starting.");
       ^~~~~~~~~~~
../src/servo_control.c: In function 'main':
../src/servo_control.c:42:30: error: 'XPAR_AXI_RC_SERVO_CONTROLLER_0_BASEADDR' undeclared (first use in this function); did you mean 'XPAR_AXI_RC_SERVO_CONTROL_0_S00_AXI_BASEADDR'?
  rc_servo_enable_manual_mode(XPAR_AXI_RC_SERVO_CONTROLLER_0_BASEADDR, 1);
                              ^~~~~~~~~~~~~~~~~~~~~~~~~~~~~~~~~~~~~~~
                              XPAR_AXI_RC_SERVO_CONTROL_0_S00_AXI_BASEADDR
../src/servo_control.c:42:30: note: each undeclared identifier is reported only once for each function it appears in
../src/servo_control.c:49:3: warning: implicit declaration of function 'millisleep'; did you mean 'mb_sleep'? [-Wimplicit-function-declaration]
   millisleep(SERVO_UPDATE_DELAY);
   ^~~~~~~~~~
   mb_sleep
make: *** [src/servo_control.o] Error 1
src/subdir.mk:30: recipe for target 'src/servo_control.o' failed
14:32:03 **** Auto Build of configuration Debug for project servo ****
make all 
Building file: ../src/servo_control.c
Invoking: MicroBlaze gcc compiler
mb-gcc -Wall -O0 -g3 -c -fmessage-length=0 -MT"src/servo_control.o" -I../../servo_bsp/microblaze_0/include -mlittle-endian -mcpu=v10.0 -mxl-soft-mul -Wl,--no-relax -ffunction-sections -fdata-sections -MMD -MP -MF"src/servo_control.d" -MT"src/servo_control.o" -o "src/servo_control.o" "../src/servo_control.c"
In file included from ../src/servo_control.c:9:0:
../src/xintc.h:316:38: error: 'XPAR_INTC_MAX_NUM_INTR_INPUTS' undeclared here (not in a function); did you mean 'XPAR_XBRAM_NUM_INSTANCES'?
  XIntc_VectorTableEntry HandlerTable[XPAR_INTC_MAX_NUM_INTR_INPUTS];
                                      ^~~~~~~~~~~~~~~~~~~~~~~~~~~~~
                                      XPAR_XBRAM_NUM_INSTANCES
../src/servo_control.c:31:7: error: expected declaration specifiers or '...' before string constant
 print("Starting.");
       ^~~~~~~~~~~
../src/servo_control.c: In function 'main':
../src/servo_control.c:42:30: error: 'XPAR_AXI_RC_SERVO_CONTROLLER_0_BASEADDR' undeclared (first use in this function); did you mean 'XPAR_AXI_RC_SERVO_CONTROL_0_S00_AXI_BASEADDR'?
  rc_servo_enable_manual_mode(XPAR_AXI_RC_SERVO_CONTROLLER_0_BASEADDR, 1);
                              ^~~~~~~~~~~~~~~~~~~~~~~~~~~~~~~~~~~~~~~
                              XPAR_AXI_RC_SERVO_CONTROL_0_S00_AXI_BASEADDR
../src/servo_control.c:42:30: note: each undeclared identifier is reported only once for each function it appears in
../src/servo_control.c:49:3: warning: implicit declaration of function 'millisleep'; did you mean 'mb_sleep'? [-Wimplicit-function-declaration]
src/subdir.mk:30: recipe for target 'src/servo_control.o' failed
   millisleep(SERVO_UPDATE_DELAY);
   ^~~~~~~~~~
   mb_sleep
make: *** [src/servo_control.o] Error 1
14:32:34 **** Auto Build of configuration Debug for project servo ****
make all 
Building file: ../src/servo_control.c
Invoking: MicroBlaze gcc compiler
mb-gcc -Wall -O0 -g3 -c -fmessage-length=0 -MT"src/servo_control.o" -I../../servo_bsp/microblaze_0/include -mlittle-endian -mcpu=v10.0 -mxl-soft-mul -Wl,--no-relax -ffunction-sections -fdata-sections -MMD -MP -MF"src/servo_control.d" -MT"src/servo_control.o" -o "src/servo_control.o" "../src/servo_control.c"
In file included from ../src/servo_control.c:9:0:
../src/xintc.h:316:38: error: 'XPAR_INTC_MAX_NUM_INTR_INPUTS' undeclared here (not in a function); did you mean 'XPAR_XBRAM_NUM_INSTANCES'?
  XIntc_VectorTableEntry HandlerTable[XPAR_INTC_MAX_NUM_INTR_INPUTS];
                                      ^~~~~~~~~~~~~~~~~~~~~~~~~~~~~
                                      XPAR_XBRAM_NUM_INSTANCES
../src/servo_control.c:31:11: error: expected declaration specifiers or '...' before string constant
 xil_print("Starting");
           ^~~~~~~~~~
../src/servo_control.c: In function 'main':
../src/servo_control.c:42:30: error: 'XPAR_AXI_RC_SERVO_CONTROLLER_0_BASEADDR' undeclared (first use in this function); did you mean 'XPAR_AXI_RC_SERVO_CONTROL_0_S00_AXI_BASEADDR'?
  rc_servo_enable_manual_mode(XPAR_AXI_RC_SERVO_CONTROLLER_0_BASEADDR, 1);
                              ^~~~~~~~~~~~~~~~~~~~~~~~~~~~~~~~~~~~~~~
                              XPAR_AXI_RC_SERVO_CONTROL_0_S00_AXI_BASEADDR
../src/servo_control.c:42:30: note: each undeclared identifier is reported only once for each function it appears in
../src/servo_control.c:49:3: warning: implicit declaration of function 'millisleep'; did you mean 'mb_sleep'? [-Wimplicit-function-declaration]
   millisleep(SERVO_UPDATE_DELAY);
   ^~~~~~~~~~
   mb_sleep
src/subdir.mk:30: recipe for target 'src/servo_control.o' failed
make: *** [src/servo_control.o] Error 1
14:34:02 **** Auto Build of configuration Debug for project servo ****
make all 
Building file: ../src/servo_control.c
Invoking: MicroBlaze gcc compiler
mb-gcc -Wall -O0 -g3 -c -fmessage-length=0 -MT"src/servo_control.o" -I../../servo_bsp/microblaze_0/include -mlittle-endian -mcpu=v10.0 -mxl-soft-mul -Wl,--no-relax -ffunction-sections -fdata-sections -MMD -MP -MF"src/servo_control.d" -MT"src/servo_control.o" -o "src/servo_control.o" "../src/servo_control.c"
In file included from ../src/servo_control.c:9:0:
../src/xintc.h:316:38: error: 'XPAR_INTC_MAX_NUM_INTR_INPUTS' undeclared here (not in a function); did you mean 'XPAR_XBRAM_NUM_INSTANCES'?
  XIntc_VectorTableEntry HandlerTable[XPAR_INTC_MAX_NUM_INTR_INPUTS];
                                      ^~~~~~~~~~~~~~~~~~~~~~~~~~~~~
                                      XPAR_XBRAM_NUM_INSTANCES
../src/servo_control.c: In function 'main':
../src/servo_control.c:42:30: error: 'XPAR_AXI_RC_SERVO_CONTROLLER_0_BASEADDR' undeclared (first use in this function); did you mean 'XPAR_AXI_RC_SERVO_CONTROL_0_S00_AXI_BASEADDR'?
  rc_servo_enable_manual_mode(XPAR_AXI_RC_SERVO_CONTROLLER_0_BASEADDR, 1);
                              ^~~~~~~~~~~~~~~~~~~~~~~~~~~~~~~~~~~~~~~
                              XPAR_AXI_RC_SERVO_CONTROL_0_S00_AXI_BASEADDR
../src/servo_control.c:42:30: note: each undeclared identifier is reported only once for each function it appears in
../src/servo_control.c:49:3: warning: implicit declaration of function 'millisleep'; did you mean 'mb_sleep'? [-Wimplicit-function-declaration]
   millisleep(SERVO_UPDATE_DELAY);
   ^~~~~~~~~~
   mb_sleep
make: *** [src/servo_control.o] Error 1
src/subdir.mk:30: recipe for target 'src/servo_control.o' failed
14:35:24 **** Auto Build of configuration Debug for project servo ****
make all 
Building file: ../src/servo_control.c
Invoking: MicroBlaze gcc compiler
mb-gcc -Wall -O0 -g3 -c -fmessage-length=0 -MT"src/servo_control.o" -I../../servo_bsp/microblaze_0/include -mlittle-endian -mcpu=v10.0 -mxl-soft-mul -Wl,--no-relax -ffunction-sections -fdata-sections -MMD -MP -MF"src/servo_control.d" -MT"src/servo_control.o" -o "src/servo_control.o" "../src/servo_control.c"
In file included from ../src/servo_control.c:9:0:
../src/xintc.h:316:38: error: 'XPAR_INTC_MAX_NUM_INTR_INPUTS' undeclared here (not in a function); did you mean 'XPAR_XBRAM_NUM_INSTANCES'?
  XIntc_VectorTableEntry HandlerTable[XPAR_INTC_MAX_NUM_INTR_INPUTS];
                                      ^~~~~~~~~~~~~~~~~~~~~~~~~~~~~
                                      XPAR_XBRAM_NUM_INSTANCES
../src/servo_control.c: In function 'main':
../src/servo_control.c:43:30: error: 'XPAR_AXI_RC_SERVO_CONTROLLER_0_BASEADDR' undeclared (first use in this function); did you mean 'XPAR_AXI_RC_SERVO_CONTROL_0_S00_AXI_BASEADDR'?
  rc_servo_enable_manual_mode(XPAR_AXI_RC_SERVO_CONTROLLER_0_BASEADDR, 1);
                              ^~~~~~~~~~~~~~~~~~~~~~~~~~~~~~~~~~~~~~~
                              XPAR_AXI_RC_SERVO_CONTROL_0_S00_AXI_BASEADDR
../src/servo_control.c:43:30: note: each undeclared identifier is reported only once for each function it appears in
../src/servo_control.c:50:3: warning: implicit declaration of function 'millisleep'; did you mean 'mb_sleep'? [-Wimplicit-function-declaration]
   millisleep(SERVO_UPDATE_DELAY);
   ^~~~~~~~~~
   mb_sleep
src/subdir.mk:30: recipe for target 'src/servo_control.o' failed
make: *** [src/servo_control.o] Error 1
14:35:57 **** Auto Build of configuration Debug for project servo ****
make all 
Building file: ../src/servo_control.c
Invoking: MicroBlaze gcc compiler
mb-gcc -Wall -O0 -g3 -c -fmessage-length=0 -MT"src/servo_control.o" -I../../servo_bsp/microblaze_0/include -mlittle-endian -mcpu=v10.0 -mxl-soft-mul -Wl,--no-relax -ffunction-sections -fdata-sections -MMD -MP -MF"src/servo_control.d" -MT"src/servo_control.o" -o "src/servo_control.o" "../src/servo_control.c"
In file included from ../src/servo_control.c:9:0:
../src/xintc.h:316:38: error: 'XPAR_INTC_MAX_NUM_INTR_INPUTS' undeclared here (not in a function); did you mean 'XPAR_XBRAM_NUM_INSTANCES'?
  XIntc_VectorTableEntry HandlerTable[XPAR_INTC_MAX_NUM_INTR_INPUTS];
                                      ^~~~~~~~~~~~~~~~~~~~~~~~~~~~~
                                      XPAR_XBRAM_NUM_INSTANCES
../src/servo_control.c: In function 'main':
../src/servo_control.c:43:30: error: 'XPAR_AXI_RC_SERVO_CONTROLLER_0_BASEADDR' undeclared (first use in this function); did you mean 'XPAR_AXI_RC_SERVO_CONTROL_0_S00_AXI_BASEADDR'?
  rc_servo_enable_manual_mode(XPAR_AXI_RC_SERVO_CONTROLLER_0_BASEADDR, 1);
                              ^~~~~~~~~~~~~~~~~~~~~~~~~~~~~~~~~~~~~~~
                              XPAR_AXI_RC_SERVO_CONTROL_0_S00_AXI_BASEADDR
../src/servo_control.c:43:30: note: each undeclared identifier is reported only once for each function it appears in
../src/servo_control.c:50:3: warning: implicit declaration of function 'millisleep'; did you mean 'mb_sleep'? [-Wimplicit-function-declaration]
   millisleep(SERVO_UPDATE_DELAY);
   ^~~~~~~~~~
   mb_sleep
../src/servo_control.c: At top level:
../src/servo_control.c:104:6: error: redefinition of 'rc_servo_enable_manual_mode'
 void rc_servo_enable_manual_mode(int baseaddr, int servo_number)
      ^~~~~~~~~~~~~~~~~~~~~~~~~~~
In file included from ../src/servo_control.c:13:0:
../src/rc_servo_control.c:30:6: note: previous definition of 'rc_servo_enable_manual_mode' was here
 void rc_servo_enable_manual_mode(int baseaddr, int servo_number)
      ^~~~~~~~~~~~~~~~~~~~~~~~~~~
make: *** [src/servo_control.o] Error 1
src/subdir.mk:30: recipe for target 'src/servo_control.o' failed
14:37:31 **** Auto Build of configuration Debug for project servo ****
make all 
Building file: ../src/servo_control.c
Invoking: MicroBlaze gcc compiler
mb-gcc -Wall -O0 -g3 -c -fmessage-length=0 -MT"src/servo_control.o" -I../../servo_bsp/microblaze_0/include -mlittle-endian -mcpu=v10.0 -mxl-soft-mul -Wl,--no-relax -ffunction-sections -fdata-sections -MMD -MP -MF"src/servo_control.d" -MT"src/servo_control.o" -o "src/servo_control.o" "../src/servo_control.c"
In file included from ../src/servo_control.c:9:0:
../src/xintc.h:316:38: error: 'XPAR_INTC_MAX_NUM_INTR_INPUTS' undeclared here (not in a function); did you mean 'XPAR_XBRAM_NUM_INSTANCES'?
  XIntc_VectorTableEntry HandlerTable[XPAR_INTC_MAX_NUM_INTR_INPUTS];
                                      ^~~~~~~~~~~~~~~~~~~~~~~~~~~~~
                                      XPAR_XBRAM_NUM_INSTANCES
../src/servo_control.c: In function 'main':
../src/servo_control.c:43:30: error: 'XPAR_AXI_RC_SERVO_CONTROLLER_0_BASEADDR' undeclared (first use in this function); did you mean 'XPAR_AXI_RC_SERVO_CONTROL_0_S00_AXI_BASEADDR'?
  rc_servo_enable_manual_mode(XPAR_AXI_RC_SERVO_CONTROLLER_0_BASEADDR, 1);
                              ^~~~~~~~~~~~~~~~~~~~~~~~~~~~~~~~~~~~~~~
                              XPAR_AXI_RC_SERVO_CONTROL_0_S00_AXI_BASEADDR
../src/servo_control.c:43:30: note: each undeclared identifier is reported only once for each function it appears in
../src/servo_control.c:50:3: warning: implicit declaration of function 'millisleep'; did you mean 'mb_sleep'? [-Wimplicit-function-declaration]
   millisleep(SERVO_UPDATE_DELAY);
   ^~~~~~~~~~
   mb_sleep
src/subdir.mk:30: recipe for target 'src/servo_control.o' failed
make: *** [src/servo_control.o] Error 1
14:38:16 **** Auto Build of configuration Debug for project servo ****
make all 
Building file: ../src/servo_control.c
Invoking: MicroBlaze gcc compiler
mb-gcc -Wall -O0 -g3 -c -fmessage-length=0 -MT"src/servo_control.o" -I../../servo_bsp/microblaze_0/include -mlittle-endian -mcpu=v10.0 -mxl-soft-mul -Wl,--no-relax -ffunction-sections -fdata-sections -MMD -MP -MF"src/servo_control.d" -MT"src/servo_control.o" -o "src/servo_control.o" "../src/servo_control.c"
In file included from ../src/servo_control.c:9:0:
../src/xintc.h:316:38: error: 'XPAR_INTC_MAX_NUM_INTR_INPUTS' undeclared here (not in a function); did you mean 'XPAR_XBRAM_NUM_INSTANCES'?
  XIntc_VectorTableEntry HandlerTable[XPAR_INTC_MAX_NUM_INTR_INPUTS];
                                      ^~~~~~~~~~~~~~~~~~~~~~~~~~~~~
                                      XPAR_XBRAM_NUM_INSTANCES
../src/servo_control.c: In function 'main':
../src/servo_control.c:19:49: error: expected expression before '=' token
 #define XPAR_AXI_RC_SERVO_CONTROLLER_0_BASEADDR = 0
                                                 ^
../src/servo_control.c:43:30: note: in expansion of macro 'XPAR_AXI_RC_SERVO_CONTROLLER_0_BASEADDR'
  rc_servo_enable_manual_mode(XPAR_AXI_RC_SERVO_CONTROLLER_0_BASEADDR, 1);
                              ^
../src/servo_control.c:19:49: error: expected expression before '=' token
 #define XPAR_AXI_RC_SERVO_CONTROLLER_0_BASEADDR = 0
                                                 ^
../src/servo_control.c:49:25: note: in expansion of macro 'XPAR_AXI_RC_SERVO_CONTROLLER_0_BASEADDR'
   adjust_servo_manually(XPAR_AXI_RC_SERVO_CONTROLLER_0_BASEADDR, 1, 0x00 + servo_value);
                         ^
../src/servo_control.c:50:3: warning: implicit declaration of function 'millisleep'; did you mean 'mb_sleep'? [-Wimplicit-function-declaration]
   millisleep(SERVO_UPDATE_DELAY);
   ^~~~~~~~~~
   mb_sleep
../src/servo_control.c:19:49: error: expected expression before '=' token
 #define XPAR_AXI_RC_SERVO_CONTROLLER_0_BASEADDR = 0
                                                 ^
../src/servo_control.c:56:31: note: in expansion of macro 'XPAR_AXI_RC_SERVO_CONTROLLER_0_BASEADDR'
  rc_servo_disable_manual_mode(XPAR_AXI_RC_SERVO_CONTROLLER_0_BASEADDR, 1);
                               ^
../src/servo_control.c:19:49: error: expected expression before '=' token
 #define XPAR_AXI_RC_SERVO_CONTROLLER_0_BASEADDR = 0
                                                 ^
../src/servo_control.c:62:31: note: in expansion of macro 'XPAR_AXI_RC_SERVO_CONTROLLER_0_BASEADDR'
   rc_servo_set_servo_position(XPAR_AXI_RC_SERVO_CONTROLLER_0_BASEADDR, 1, 0x00 + servo_value);
                               ^
src/subdir.mk:30: recipe for target 'src/servo_control.o' failed
make: *** [src/servo_control.o] Error 1
14:39:09 **** Auto Build of configuration Debug for project servo ****
make all 
Building file: ../src/servo_control.c
Invoking: MicroBlaze gcc compiler
mb-gcc -Wall -O0 -g3 -c -fmessage-length=0 -MT"src/servo_control.o" -I../../servo_bsp/microblaze_0/include -mlittle-endian -mcpu=v10.0 -mxl-soft-mul -Wl,--no-relax -ffunction-sections -fdata-sections -MMD -MP -MF"src/servo_control.d" -MT"src/servo_control.o" -o "src/servo_control.o" "../src/servo_control.c"
In file included from ../src/servo_control.c:9:0:
../src/xintc.h:316:38: error: 'XPAR_INTC_MAX_NUM_INTR_INPUTS' undeclared here (not in a function); did you mean 'XPAR_XBRAM_NUM_INSTANCES'?
  XIntc_VectorTableEntry HandlerTable[XPAR_INTC_MAX_NUM_INTR_INPUTS];
                                      ^~~~~~~~~~~~~~~~~~~~~~~~~~~~~
                                      XPAR_XBRAM_NUM_INSTANCES
../src/servo_control.c: In function 'main':
../src/servo_control.c:19:49: error: expected expression before '=' token
 #define XPAR_AXI_RC_SERVO_CONTROLLER_0_BASEADDR = (u32) 0x44a00000
                                                 ^
../src/servo_control.c:43:30: note: in expansion of macro 'XPAR_AXI_RC_SERVO_CONTROLLER_0_BASEADDR'
  rc_servo_enable_manual_mode(XPAR_AXI_RC_SERVO_CONTROLLER_0_BASEADDR, 1);
                              ^
../src/servo_control.c:19:49: error: expected expression before '=' token
 #define XPAR_AXI_RC_SERVO_CONTROLLER_0_BASEADDR = (u32) 0x44a00000
                                                 ^
../src/servo_control.c:49:25: note: in expansion of macro 'XPAR_AXI_RC_SERVO_CONTROLLER_0_BASEADDR'
   adjust_servo_manually(XPAR_AXI_RC_SERVO_CONTROLLER_0_BASEADDR, 1, 0x00 + servo_value);
                         ^
../src/servo_control.c:50:3: warning: implicit declaration of function 'millisleep'; did you mean 'mb_sleep'? [-Wimplicit-function-declaration]
   millisleep(SERVO_UPDATE_DELAY);
   ^~~~~~~~~~
   mb_sleep
../src/servo_control.c:19:49: error: expected expression before '=' token
 #define XPAR_AXI_RC_SERVO_CONTROLLER_0_BASEADDR = (u32) 0x44a00000
                                                 ^
../src/servo_control.c:56:31: note: in expansion of macro 'XPAR_AXI_RC_SERVO_CONTROLLER_0_BASEADDR'
  rc_servo_disable_manual_mode(XPAR_AXI_RC_SERVO_CONTROLLER_0_BASEADDR, 1);
                               ^
../src/servo_control.c:19:49: error: expected expression before '=' token
src/subdir.mk:30: recipe for target 'src/servo_control.o' failed
 #define XPAR_AXI_RC_SERVO_CONTROLLER_0_BASEADDR = (u32) 0x44a00000
                                                 ^
../src/servo_control.c:62:31: note: in expansion of macro 'XPAR_AXI_RC_SERVO_CONTROLLER_0_BASEADDR'
   rc_servo_set_servo_position(XPAR_AXI_RC_SERVO_CONTROLLER_0_BASEADDR, 1, 0x00 + servo_value);
                               ^
make: *** [src/servo_control.o] Error 1
14:39:35 **** Auto Build of configuration Debug for project servo ****
make all 
Building file: ../src/servo_control.c
Invoking: MicroBlaze gcc compiler
mb-gcc -Wall -O0 -g3 -c -fmessage-length=0 -MT"src/servo_control.o" -I../../servo_bsp/microblaze_0/include -mlittle-endian -mcpu=v10.0 -mxl-soft-mul -Wl,--no-relax -ffunction-sections -fdata-sections -MMD -MP -MF"src/servo_control.d" -MT"src/servo_control.o" -o "src/servo_control.o" "../src/servo_control.c"
In file included from ../src/servo_control.c:9:0:
../src/xintc.h:316:38: error: 'XPAR_INTC_MAX_NUM_INTR_INPUTS' undeclared here (not in a function); did you mean 'XPAR_XBRAM_NUM_INSTANCES'?
  XIntc_VectorTableEntry HandlerTable[XPAR_INTC_MAX_NUM_INTR_INPUTS];
                                      ^~~~~~~~~~~~~~~~~~~~~~~~~~~~~
                                      XPAR_XBRAM_NUM_INSTANCES
../src/servo_control.c: In function 'main':
../src/servo_control.c:50:3: warning: implicit declaration of function 'millisleep'; did you mean 'mb_sleep'? [-Wimplicit-function-declaration]
   millisleep(SERVO_UPDATE_DELAY);
   ^~~~~~~~~~
   mb_sleep
src/subdir.mk:30: recipe for target 'src/servo_control.o' failed
make: *** [src/servo_control.o] Error 1
14:40:22 **** Auto Build of configuration Debug for project servo ****
make all 
Building file: ../src/servo_control.c
Invoking: MicroBlaze gcc compiler
mb-gcc -Wall -O0 -g3 -c -fmessage-length=0 -MT"src/servo_control.o" -I../../servo_bsp/microblaze_0/include -mlittle-endian -mcpu=v10.0 -mxl-soft-mul -Wl,--no-relax -ffunction-sections -fdata-sections -MMD -MP -MF"src/servo_control.d" -MT"src/servo_control.o" -o "src/servo_control.o" "../src/servo_control.c"
In file included from ../src/servo_control.c:9:0:
../src/xintc.h:316:38: error: 'XPAR_INTC_MAX_NUM_INTR_INPUTS' undeclared here (not in a function); did you mean 'XPAR_XBRAM_NUM_INSTANCES'?
  XIntc_VectorTableEntry HandlerTable[XPAR_INTC_MAX_NUM_INTR_INPUTS];
                                      ^~~~~~~~~~~~~~~~~~~~~~~~~~~~~
                                      XPAR_XBRAM_NUM_INSTANCES
../src/servo_control.c: In function 'main':
../src/servo_control.c:51:30: error: macro "mb_sleep" passed 1 arguments, but takes just 0
   mb_sleep(SERVO_UPDATE_DELAY);
                              ^
../src/servo_control.c:51:3: error: 'mb_sleep' undeclared (first use in this function); did you mean 'sleep'?
   mb_sleep(SERVO_UPDATE_DELAY);
   ^~~~~~~~
   sleep
../src/servo_control.c:51:3: note: each undeclared identifier is reported only once for each function it appears in
../src/servo_control.c:64:3: warning: implicit declaration of function 'millisleep'; did you mean 'mb_sleep'? [-Wimplicit-function-declaration]
   millisleep(SERVO_UPDATE_DELAY);
   ^~~~~~~~~~
   mb_sleep
src/subdir.mk:30: recipe for target 'src/servo_control.o' failed
make: *** [src/servo_control.o] Error 1
14:40:36 **** Auto Build of configuration Debug for project servo ****
make all 
Building file: ../src/servo_control.c
Invoking: MicroBlaze gcc compiler
mb-gcc -Wall -O0 -g3 -c -fmessage-length=0 -MT"src/servo_control.o" -I../../servo_bsp/microblaze_0/include -mlittle-endian -mcpu=v10.0 -mxl-soft-mul -Wl,--no-relax -ffunction-sections -fdata-sections -MMD -MP -MF"src/servo_control.d" -MT"src/servo_control.o" -o "src/servo_control.o" "../src/servo_control.c"
In file included from ../src/servo_control.c:9:0:
../src/xintc.h:316:38: error: 'XPAR_INTC_MAX_NUM_INTR_INPUTS' undeclared here (not in a function); did you mean 'XPAR_XBRAM_NUM_INSTANCES'?
  XIntc_VectorTableEntry HandlerTable[XPAR_INTC_MAX_NUM_INTR_INPUTS];
                                      ^~~~~~~~~~~~~~~~~~~~~~~~~~~~~
                                      XPAR_XBRAM_NUM_INSTANCES
../src/servo_control.c: In function 'main':
../src/servo_control.c:50:3: warning: implicit declaration of function 'millisleep'; did you mean 'mb_sleep'? [-Wimplicit-function-declaration]
   millisleep(SERVO_UPDATE_DELAY);
   ^~~~~~~~~~
   mb_sleep
src/subdir.mk:30: recipe for target 'src/servo_control.o' failed
make: *** [src/servo_control.o] Error 1
14:43:02 **** Auto Build of configuration Debug for project servo ****
make all 
Building file: ../src/servo_control.c
Invoking: MicroBlaze gcc compiler
mb-gcc -Wall -O0 -g3 -c -fmessage-length=0 -MT"src/servo_control.o" -I../../servo_bsp/microblaze_0/include -mlittle-endian -mcpu=v10.0 -mxl-soft-mul -Wl,--no-relax -ffunction-sections -fdata-sections -MMD -MP -MF"src/servo_control.d" -MT"src/servo_control.o" -o "src/servo_control.o" "../src/servo_control.c"
../src/servo_control.c: In function 'main':
../src/servo_control.c:50:3: warning: implicit declaration of function 'millisleep'; did you mean 'mb_sleep'? [-Wimplicit-function-declaration]
   millisleep(SERVO_UPDATE_DELAY);
   ^~~~~~~~~~
   mb_sleep
Finished building: ../src/servo_control.c
 
Building file: ../src/sleep.c
Invoking: MicroBlaze gcc compiler
mb-gcc -Wall -O0 -g3 -c -fmessage-length=0 -MT"src/sleep.o" -I../../servo_bsp/microblaze_0/include -mlittle-endian -mcpu=v10.0 -mxl-soft-mul -Wl,--no-relax -ffunction-sections -fdata-sections -MMD -MP -MF"src/sleep.d" -MT"src/sleep.o" -o "src/sleep.o" "../src/sleep.c"
../src/sleep.c:23:6: error: conflicting types for 'usleep'
 void usleep(unsigned int useconds)
      ^~~~~~
In file included from ../src/sleep.c:7:0:
../../servo_bsp/microblaze_0/include/sleep.h:104:6: note: previous declaration of 'usleep' was here
 void usleep(unsigned long useconds);
      ^~~~~~
../src/sleep.c: In function 'usleep':
../src/sleep.c:30:28: error: 'PROCESSOR_CLOCK_FREQUENCY' undeclared (first use in this function)
  count_value = useconds * (PROCESSOR_CLOCK_FREQUENCY / 1000000);
                            ^~~~~~~~~~~~~~~~~~~~~~~~~
../src/sleep.c:30:28: note: each undeclared identifier is reported only once for each function it appears in
../src/sleep.c:31:2: warning: implicit declaration of function 'XTmrCtr_Disable' [-Wimplicit-function-declaration]
  XTmrCtr_Disable(XPAR_TMRCTR_0_BASEADDR, 0);
  ^~~~~~~~~~~~~~~
../src/sleep.c:31:18: error: 'XPAR_TMRCTR_0_BASEADDR' undeclared (first use in this function); did you mean 'XPAR_BRAM_0_BASEADDR'?
  XTmrCtr_Disable(XPAR_TMRCTR_0_BASEADDR, 0);
                  ^~~~~~~~~~~~~~~~~~~~~~
                  XPAR_BRAM_0_BASEADDR
../src/sleep.c:32:2: warning: implicit declaration of function 'XTmrCtr_SetLoadReg' [-Wimplicit-function-declaration]
  XTmrCtr_SetLoadReg(XPAR_TMRCTR_0_BASEADDR, 0, 0x00);
  ^~~~~~~~~~~~~~~~~~
../src/sleep.c:33:2: warning: implicit declaration of function 'XTmrCtr_LoadTimerCounterReg' [-Wimplicit-function-declaration]
  XTmrCtr_LoadTimerCounterReg(XPAR_TMRCTR_0_BASEADDR, 0);
  ^~~~~~~~~~~~~~~~~~~~~~~~~~~
../src/sleep.c:36:2: warning: implicit declaration of function 'XTmrCtr_SetControlStatusReg' [-Wimplicit-function-declaration]
  XTmrCtr_SetControlStatusReg(XPAR_TMRCTR_0_BASEADDR, 0, XTC_CSR_ENABLE_TMR_MASK);
  ^~~~~~~~~~~~~~~~~~~~~~~~~~~
../src/sleep.c:36:57: error: 'XTC_CSR_ENABLE_TMR_MASK' undeclared (first use in this function)
  XTmrCtr_SetControlStatusReg(XPAR_TMRCTR_0_BASEADDR, 0, XTC_CSR_ENABLE_TMR_MASK);
                                                         ^~~~~~~~~~~~~~~~~~~~~~~
../src/sleep.c:40:15: warning: implicit declaration of function 'XTmrCtr_GetTimerCounterReg' [-Wimplicit-function-declaration]
   timer_count=XTmrCtr_GetTimerCounterReg(XPAR_TMRCTR_0_BASEADDR, 0);
               ^~~~~~~~~~~~~~~~~~~~~~~~~~
src/subdir.mk:30: recipe for target 'src/sleep.o' failed
make: *** [src/sleep.o] Error 1
14:57:22 **** Clean-only build of configuration Debug for project servo ****
make clean 
rm -rf  ./src/main.o ./src/rc_servo_control.o ./src/servo_control.o ./src/sleep.o  ./src/main.d ./src/rc_servo_control.d ./src/servo_control.d ./src/sleep.d  servo.elf.size  servo.elf
 
14:57:23 **** Auto Build of configuration Debug for project servo ****
make all 
Building file: ../src/main.c
Invoking: MicroBlaze gcc compiler
mb-gcc -Wall -O0 -g3 -c -fmessage-length=0 -MT"src/main.o" -I../../servo_bsp/microblaze_0/include -mlittle-endian -mcpu=v10.0 -mxl-soft-mul -Wl,--no-relax -ffunction-sections -fdata-sections -MMD -MP -MF"src/main.d" -MT"src/main.o" -o "src/main.o" "../src/main.c"
Finished building: ../src/main.c
 
Building file: ../src/rc_servo_control.c
Invoking: MicroBlaze gcc compiler
mb-gcc -Wall -O0 -g3 -c -fmessage-length=0 -MT"src/rc_servo_control.o" -I../../servo_bsp/microblaze_0/include -mlittle-endian -mcpu=v10.0 -mxl-soft-mul -Wl,--no-relax -ffunction-sections -fdata-sections -MMD -MP -MF"src/rc_servo_control.d" -MT"src/rc_servo_control.o" -o "src/rc_servo_control.o" "../src/rc_servo_control.c"
Finished building: ../src/rc_servo_control.c
 
Building file: ../src/servo_control.c
Invoking: MicroBlaze gcc compiler
mb-gcc -Wall -O0 -g3 -c -fmessage-length=0 -MT"src/servo_control.o" -I../../servo_bsp/microblaze_0/include -mlittle-endian -mcpu=v10.0 -mxl-soft-mul -Wl,--no-relax -ffunction-sections -fdata-sections -MMD -MP -MF"src/servo_control.d" -MT"src/servo_control.o" -o "src/servo_control.o" "../src/servo_control.c"
../src/servo_control.c:11:10: fatal error: xtmrctr_l.h: No such file or directory
 #include "xtmrctr_l.h"
          ^~~~~~~~~~~~~
compilation terminated.
src/subdir.mk:30: recipe for target 'src/servo_control.o' failed
make: *** [src/servo_control.o] Error 1
14:57:25 **** Clean-only build of configuration Debug for project servo ****
make clean 
rm -rf  ./src/main.o ./src/rc_servo_control.o ./src/servo_control.o ./src/sleep.o  ./src/main.d ./src/rc_servo_control.d ./src/servo_control.d ./src/sleep.d  servo.elf.size  servo.elf
 
14:57:26 **** Auto Build of configuration Debug for project servo ****
make all 
Building file: ../src/main.c
Invoking: MicroBlaze gcc compiler
mb-gcc -Wall -O0 -g3 -c -fmessage-length=0 -MT"src/main.o" -I../../servo_bsp/microblaze_0/include -mlittle-endian -mcpu=v10.0 -mxl-soft-mul -Wl,--no-relax -ffunction-sections -fdata-sections -MMD -MP -MF"src/main.d" -MT"src/main.o" -o "src/main.o" "../src/main.c"
Finished building: ../src/main.c
 
Building file: ../src/servo_control.c
Invoking: MicroBlaze gcc compiler
mb-gcc -Wall -O0 -g3 -c -fmessage-length=0 -MT"src/servo_control.o" -I../../servo_bsp/microblaze_0/include -mlittle-endian -mcpu=v10.0 -mxl-soft-mul -Wl,--no-relax -ffunction-sections -fdata-sections -MMD -MP -MF"src/servo_control.d" -MT"src/servo_control.o" -o "src/servo_control.o" "../src/servo_control.c"
../src/servo_control.c:11:10: fatal error: xtmrctr_l.h: No such file or directory
 #include "xtmrctr_l.h"
          ^~~~~~~~~~~~~
compilation terminated.
src/subdir.mk:27: recipe for target 'src/servo_control.o' failed
make: *** [src/servo_control.o] Error 1
14:57:28 **** Clean-only build of configuration Debug for project servo ****
make clean 
rm -rf  ./src/main.o ./src/servo_control.o ./src/sleep.o  ./src/main.d ./src/servo_control.d ./src/sleep.d  servo.elf.size  servo.elf
 
14:57:29 **** Auto Build of configuration Debug for project servo ****
make all 
Building file: ../src/main.c
Invoking: MicroBlaze gcc compiler
mb-gcc -Wall -O0 -g3 -c -fmessage-length=0 -MT"src/main.o" -I../../servo_bsp/microblaze_0/include -mlittle-endian -mcpu=v10.0 -mxl-soft-mul -Wl,--no-relax -ffunction-sections -fdata-sections -MMD -MP -MF"src/main.d" -MT"src/main.o" -o "src/main.o" "../src/main.c"
Finished building: ../src/main.c
 
Building file: ../src/servo_control.c
Invoking: MicroBlaze gcc compiler
mb-gcc -Wall -O0 -g3 -c -fmessage-length=0 -MT"src/servo_control.o" -I../../servo_bsp/microblaze_0/include -mlittle-endian -mcpu=v10.0 -mxl-soft-mul -Wl,--no-relax -ffunction-sections -fdata-sections -MMD -MP -MF"src/servo_control.d" -MT"src/servo_control.o" -o "src/servo_control.o" "../src/servo_control.c"
../src/servo_control.c:11:10: fatal error: xtmrctr_l.h: No such file or directory
 #include "xtmrctr_l.h"
          ^~~~~~~~~~~~~
compilation terminated.
src/subdir.mk:27: recipe for target 'src/servo_control.o' failed
make: *** [src/servo_control.o] Error 1
14:57:31 **** Clean-only build of configuration Debug for project servo ****
make clean 
rm -rf  ./src/main.o ./src/servo_control.o ./src/sleep.o  ./src/main.d ./src/servo_control.d ./src/sleep.d  servo.elf.size  servo.elf
 
14:57:32 **** Auto Build of configuration Debug for project servo ****
make all 
Building file: ../src/main.c
Invoking: MicroBlaze gcc compiler
mb-gcc -Wall -O0 -g3 -c -fmessage-length=0 -MT"src/main.o" -I../../servo_bsp/microblaze_0/include -mlittle-endian -mcpu=v10.0 -mxl-soft-mul -Wl,--no-relax -ffunction-sections -fdata-sections -MMD -MP -MF"src/main.d" -MT"src/main.o" -o "src/main.o" "../src/main.c"
Finished building: ../src/main.c
 
Building file: ../src/sleep.c
Invoking: MicroBlaze gcc compiler
mb-gcc -Wall -O0 -g3 -c -fmessage-length=0 -MT"src/sleep.o" -I../../servo_bsp/microblaze_0/include -mlittle-endian -mcpu=v10.0 -mxl-soft-mul -Wl,--no-relax -ffunction-sections -fdata-sections -MMD -MP -MF"src/sleep.d" -MT"src/sleep.o" -o "src/sleep.o" "../src/sleep.c"
../src/sleep.c:23:6: error: conflicting types for 'usleep'
 void usleep(unsigned int useconds)
      ^~~~~~
In file included from ../src/sleep.c:7:0:
../../servo_bsp/microblaze_0/include/sleep.h:104:6: note: previous declaration of 'usleep' was here
 void usleep(unsigned long useconds);
      ^~~~~~
../src/sleep.c: In function 'usleep':
../src/sleep.c:30:28: error: 'PROCESSOR_CLOCK_FREQUENCY' undeclared (first use in this function)
  count_value = useconds * (PROCESSOR_CLOCK_FREQUENCY / 1000000);
                            ^~~~~~~~~~~~~~~~~~~~~~~~~
../src/sleep.c:30:28: note: each undeclared identifier is reported only once for each function it appears in
../src/sleep.c:31:2: warning: implicit declaration of function 'XTmrCtr_Disable' [-Wimplicit-function-declaration]
  XTmrCtr_Disable(XPAR_TMRCTR_0_BASEADDR, 0);
  ^~~~~~~~~~~~~~~
../src/sleep.c:31:18: error: 'XPAR_TMRCTR_0_BASEADDR' undeclared (first use in this function); did you mean 'XPAR_BRAM_0_BASEADDR'?
  XTmrCtr_Disable(XPAR_TMRCTR_0_BASEADDR, 0);
                  ^~~~~~~~~~~~~~~~~~~~~~
                  XPAR_BRAM_0_BASEADDR
../src/sleep.c:32:2: warning: implicit declaration of function 'XTmrCtr_SetLoadReg' [-Wimplicit-function-declaration]
  XTmrCtr_SetLoadReg(XPAR_TMRCTR_0_BASEADDR, 0, 0x00);
  ^~~~~~~~~~~~~~~~~~
../src/sleep.c:33:2: warning: implicit declaration of function 'XTmrCtr_LoadTimerCounterReg' [-Wimplicit-function-declaration]
  XTmrCtr_LoadTimerCounterReg(XPAR_TMRCTR_0_BASEADDR, 0);
  ^~~~~~~~~~~~~~~~~~~~~~~~~~~
../src/sleep.c:36:2: warning: implicit declaration of function 'XTmrCtr_SetControlStatusReg' [-Wimplicit-function-declaration]
  XTmrCtr_SetControlStatusReg(XPAR_TMRCTR_0_BASEADDR, 0, XTC_CSR_ENABLE_TMR_MASK);
  ^~~~~~~~~~~~~~~~~~~~~~~~~~~
../src/sleep.c:36:57: error: 'XTC_CSR_ENABLE_TMR_MASK' undeclared (first use in this function)
  XTmrCtr_SetControlStatusReg(XPAR_TMRCTR_0_BASEADDR, 0, XTC_CSR_ENABLE_TMR_MASK);
                                                         ^~~~~~~~~~~~~~~~~~~~~~~
../src/sleep.c:40:15: warning: implicit declaration of function 'XTmrCtr_GetTimerCounterReg' [-Wimplicit-function-declaration]
   timer_count=XTmrCtr_GetTimerCounterReg(XPAR_TMRCTR_0_BASEADDR, 0);
               ^~~~~~~~~~~~~~~~~~~~~~~~~~
src/subdir.mk:24: recipe for target 'src/sleep.o' failed
make: *** [src/sleep.o] Error 1
14:57:35 **** Clean-only build of configuration Debug for project servo ****
make clean 
rm -rf  ./src/main.o ./src/sleep.o  ./src/main.d ./src/sleep.d  servo.elf.size  servo.elf
 
14:57:36 **** Auto Build of configuration Debug for project servo ****
make all 
Building file: ../src/main.c
Invoking: MicroBlaze gcc compiler
mb-gcc -Wall -O0 -g3 -c -fmessage-length=0 -MT"src/main.o" -I../../servo_bsp/microblaze_0/include -mlittle-endian -mcpu=v10.0 -mxl-soft-mul -Wl,--no-relax -ffunction-sections -fdata-sections -MMD -MP -MF"src/main.d" -MT"src/main.o" -o "src/main.o" "../src/main.c"
Finished building: ../src/main.c
 
Building target: servo.elf
Invoking: MicroBlaze gcc linker
mb-gcc -Wl,-T -Wl,../src/lscript.ld -L../../servo_bsp/microblaze_0/lib -mlittle-endian -mcpu=v10.0 -mxl-soft-mul -Wl,--no-relax -Wl,--gc-sections -o "servo.elf"  ./src/main.o   -Wl,--start-group,-lxil,-lgcc,-lc,--end-group
/home/jorge/Xilinx/SDK/2018.2/gnu/microblaze/lin/bin/../lib/gcc/microblaze-xilinx-elf/7.2.0/../../../../microblaze-xilinx-elf/lib/le/crtinit.o: In function `_crtinit':
(.text+0x78): undefined reference to `main'
makefile:36: recipe for target 'servo.elf' failed
collect2: error: ld returned 1 exit status
make: *** [servo.elf] Error 1
14:57:38 **** Clean-only build of configuration Debug for project servo ****
make clean 
rm -rf  ./src/main.o  ./src/main.d  servo.elf.size  servo.elf
 
14:57:39 **** Auto Build of configuration Debug for project servo ****
make all 
Building file: ../src/main.c
Invoking: MicroBlaze gcc compiler
mb-gcc -Wall -O0 -g3 -c -fmessage-length=0 -MT"src/main.o" -I../../servo_bsp/microblaze_0/include -mlittle-endian -mcpu=v10.0 -mxl-soft-mul -Wl,--no-relax -ffunction-sections -fdata-sections -MMD -MP -MF"src/main.d" -MT"src/main.o" -o "src/main.o" "../src/main.c"
Finished building: ../src/main.c
 
Building target: servo.elf
Invoking: MicroBlaze gcc linker
mb-gcc -Wl,-T -Wl,../src/lscript.ld -L../../servo_bsp/microblaze_0/lib -mlittle-endian -mcpu=v10.0 -mxl-soft-mul -Wl,--no-relax -Wl,--gc-sections -o "servo.elf"  ./src/main.o   -Wl,--start-group,-lxil,-lgcc,-lc,--end-group
/home/jorge/Xilinx/SDK/2018.2/gnu/microblaze/lin/bin/../lib/gcc/microblaze-xilinx-elf/7.2.0/../../../../microblaze-xilinx-elf/lib/le/crtinit.o: In function `_crtinit':
(.text+0x78): undefined reference to `main'
makefile:36: recipe for target 'servo.elf' failed
collect2: error: ld returned 1 exit status
make: *** [servo.elf] Error 1
14:57:41 **** Clean-only build of configuration Debug for project servo ****
make clean 
rm -rf  ./src/main.o  ./src/main.d  servo.elf.size  servo.elf
 
14:57:42 **** Auto Build of configuration Debug for project servo ****
make all 
Building file: ../src/main.c
Invoking: MicroBlaze gcc compiler
mb-gcc -Wall -O0 -g3 -c -fmessage-length=0 -MT"src/main.o" -I../../servo_bsp/microblaze_0/include -mlittle-endian -mcpu=v10.0 -mxl-soft-mul -Wl,--no-relax -ffunction-sections -fdata-sections -MMD -MP -MF"src/main.d" -MT"src/main.o" -o "src/main.o" "../src/main.c"
Finished building: ../src/main.c
 
Building target: servo.elf
Invoking: MicroBlaze gcc linker
mb-gcc -Wl,-T -Wl,../src/lscript.ld -L../../servo_bsp/microblaze_0/lib -mlittle-endian -mcpu=v10.0 -mxl-soft-mul -Wl,--no-relax -Wl,--gc-sections -o "servo.elf"  ./src/main.o   -Wl,--start-group,-lxil,-lgcc,-lc,--end-group
/home/jorge/Xilinx/SDK/2018.2/gnu/microblaze/lin/bin/../lib/gcc/microblaze-xilinx-elf/7.2.0/../../../../microblaze-xilinx-elf/lib/le/crtinit.o: In function `_crtinit':
(.text+0x78): undefined reference to `main'
makefile:36: recipe for target 'servo.elf' failed
collect2: error: ld returned 1 exit status
make: *** [servo.elf] Error 1
14:57:43 **** Clean-only build of configuration Debug for project servo ****
make clean 
rm -rf  ./src/main.o  ./src/main.d  servo.elf.size  servo.elf
 

****  of configuration Debug for project servo ****

Nothing to build for project servo
14:59:23 **** Build of project standalone_bsp_0 ****
make -k all 
make: *** No hay ninguna regla para construir el objetivo 'all'.
14:59:58 **** Build of project standalone_bsp_0 ****
make -k all 
Running Make include in microblaze_0/libsrc/standalone_v6_7/src
make -C microblaze_0/libsrc/standalone_v6_7/src -s include  "SHELL=/bin/sh" "COMPILER=mb-gcc" "ARCHIVER=mb-ar" "COMPILER_FLAGS=  -O2 -c -mcpu=v10.0 -mlittle-endian -mxl-soft-mul" "EXTRA_COMPILER_FLAGS=-ffunction-sections -fdata-sections -Wall -Wextra"
Running Make include in microblaze_0/libsrc/AXI_rc_servo_controller_v1_0/src
make -C microblaze_0/libsrc/AXI_rc_servo_controller_v1_0/src -s include  "SHELL=/bin/sh" "COMPILER=mb-gcc" "ARCHIVER=mb-ar" "COMPILER_FLAGS=  -O2 -c -mcpu=v10.0 -mlittle-endian -mxl-soft-mul" "EXTRA_COMPILER_FLAGS=-ffunction-sections -fdata-sections -Wall -Wextra"
Running Make include in microblaze_0/libsrc/uartlite_v3_2/src
make -C microblaze_0/libsrc/uartlite_v3_2/src -s include  "SHELL=/bin/sh" "COMPILER=mb-gcc" "ARCHIVER=mb-ar" "COMPILER_FLAGS=  -O2 -c -mcpu=v10.0 -mlittle-endian -mxl-soft-mul" "EXTRA_COMPILER_FLAGS=-ffunction-sections -fdata-sections -Wall -Wextra"
Running Make include in microblaze_0/libsrc/bram_v4_2/src
make -C microblaze_0/libsrc/bram_v4_2/src -s include  "SHELL=/bin/sh" "COMPILER=mb-gcc" "ARCHIVER=mb-ar" "COMPILER_FLAGS=  -O2 -c -mcpu=v10.0 -mlittle-endian -mxl-soft-mul" "EXTRA_COMPILER_FLAGS=-ffunction-sections -fdata-sections -Wall -Wextra"
Running Make include in microblaze_0/libsrc/cpu_v2_7/src
make -C microblaze_0/libsrc/cpu_v2_7/src -s include  "SHELL=/bin/sh" "COMPILER=mb-gcc" "ARCHIVER=mb-ar" "COMPILER_FLAGS=  -O2 -c -mcpu=v10.0 -mlittle-endian -mxl-soft-mul" "EXTRA_COMPILER_FLAGS=-ffunction-sections -fdata-sections -Wall -Wextra"
Running Make libs in microblaze_0/libsrc/standalone_v6_7/src
make -C microblaze_0/libsrc/standalone_v6_7/src -s libs  "SHELL=/bin/sh" "COMPILER=mb-gcc" "ARCHIVER=mb-ar" "COMPILER_FLAGS=  -O2 -c -mcpu=v10.0 -mlittle-endian -mxl-soft-mul" "EXTRA_COMPILER_FLAGS=-ffunction-sections -fdata-sections -Wall -Wextra"
Compiling standalone
microblaze_sleep.c:74:9: note: #pragma message: For the sleep routines, assembly instructions are used
 #pragma message ("For the sleep routines, assembly instructions are used")
         ^~~~~~~
mb-ar: creating ../../../lib/libxil.a
Running Make libs in microblaze_0/libsrc/AXI_rc_servo_controller_v1_0/src
make -C microblaze_0/libsrc/AXI_rc_servo_controller_v1_0/src -s libs  "SHELL=/bin/sh" "COMPILER=mb-gcc" "ARCHIVER=mb-ar" "COMPILER_FLAGS=  -O2 -c -mcpu=v10.0 -mlittle-endian -mxl-soft-mul" "EXTRA_COMPILER_FLAGS=-ffunction-sections -fdata-sections -Wall -Wextra"
Compiling AXI_rc_servo_controller...
AXI_rc_servo_controller_selftest.c: In function 'AXI_RC_SERVO_CONTROLLER_Reg_SelfTest':
AXI_rc_servo_controller_selftest.c:52:72: warning: comparison between signed and unsigned integer expressions [-Wsign-compare]
    if ( AXI_RC_SERVO_CONTROLLER_mReadReg (baseaddr, read_loop_index*4) != (read_loop_index+1)*READ_WRITE_MUL_FACTOR){
                                                                        ^~
AXI_rc_servo_controller_selftest.c:36:6: warning: unused variable 'Index' [-Wunused-variable]
  int Index;
      ^~~~~
Running Make libs in microblaze_0/libsrc/uartlite_v3_2/src
make -C microblaze_0/libsrc/uartlite_v3_2/src -s libs  "SHELL=/bin/sh" "COMPILER=mb-gcc" "ARCHIVER=mb-ar" "COMPILER_FLAGS=  -O2 -c -mcpu=v10.0 -mlittle-endian -mxl-soft-mul" "EXTRA_COMPILER_FLAGS=-ffunction-sections -fdata-sections -Wall -Wextra"
Compiling uartlite
Running Make libs in microblaze_0/libsrc/bram_v4_2/src
make -C microblaze_0/libsrc/bram_v4_2/src -s libs  "SHELL=/bin/sh" "COMPILER=mb-gcc" "ARCHIVER=mb-ar" "COMPILER_FLAGS=  -O2 -c -mcpu=v10.0 -mlittle-endian -mxl-soft-mul" "EXTRA_COMPILER_FLAGS=-ffunction-sections -fdata-sections -Wall -Wextra"
Compiling bram
Running Make libs in microblaze_0/libsrc/cpu_v2_7/src
make -C microblaze_0/libsrc/cpu_v2_7/src -s libs  "SHELL=/bin/sh" "COMPILER=mb-gcc" "ARCHIVER=mb-ar" "COMPILER_FLAGS=  -O2 -c -mcpu=v10.0 -mlittle-endian -mxl-soft-mul" "EXTRA_COMPILER_FLAGS=-ffunction-sections -fdata-sections -Wall -Wextra"
Compiling cpu
Finished building libraries
15:00:44 **** Build of project project1_bsp ****
make -k all 
Running Make include in microblaze_0/libsrc/standalone_v6_7/src
make -C microblaze_0/libsrc/standalone_v6_7/src -s include  "SHELL=/bin/sh" "COMPILER=mb-gcc" "ARCHIVER=mb-ar" "COMPILER_FLAGS=  -O2 -c -mcpu=v10.0 -mlittle-endian -mxl-soft-mul" "EXTRA_COMPILER_FLAGS=-ffunction-sections -fdata-sections -Wall -Wextra"
Running Make include in microblaze_0/libsrc/AXI_rc_servo_controller_v1_0/src
make -C microblaze_0/libsrc/AXI_rc_servo_controller_v1_0/src -s include  "SHELL=/bin/sh" "COMPILER=mb-gcc" "ARCHIVER=mb-ar" "COMPILER_FLAGS=  -O2 -c -mcpu=v10.0 -mlittle-endian -mxl-soft-mul" "EXTRA_COMPILER_FLAGS=-ffunction-sections -fdata-sections -Wall -Wextra"
Running Make include in microblaze_0/libsrc/uartlite_v3_2/src
make -C microblaze_0/libsrc/uartlite_v3_2/src -s include  "SHELL=/bin/sh" "COMPILER=mb-gcc" "ARCHIVER=mb-ar" "COMPILER_FLAGS=  -O2 -c -mcpu=v10.0 -mlittle-endian -mxl-soft-mul" "EXTRA_COMPILER_FLAGS=-ffunction-sections -fdata-sections -Wall -Wextra"
Running Make include in microblaze_0/libsrc/bram_v4_2/src
make -C microblaze_0/libsrc/bram_v4_2/src -s include  "SHELL=/bin/sh" "COMPILER=mb-gcc" "ARCHIVER=mb-ar" "COMPILER_FLAGS=  -O2 -c -mcpu=v10.0 -mlittle-endian -mxl-soft-mul" "EXTRA_COMPILER_FLAGS=-ffunction-sections -fdata-sections -Wall -Wextra"
Running Make include in microblaze_0/libsrc/cpu_v2_7/src
make -C microblaze_0/libsrc/cpu_v2_7/src -s include  "SHELL=/bin/sh" "COMPILER=mb-gcc" "ARCHIVER=mb-ar" "COMPILER_FLAGS=  -O2 -c -mcpu=v10.0 -mlittle-endian -mxl-soft-mul" "EXTRA_COMPILER_FLAGS=-ffunction-sections -fdata-sections -Wall -Wextra"
Running Make libs in microblaze_0/libsrc/standalone_v6_7/src
make -C microblaze_0/libsrc/standalone_v6_7/src -s libs  "SHELL=/bin/sh" "COMPILER=mb-gcc" "ARCHIVER=mb-ar" "COMPILER_FLAGS=  -O2 -c -mcpu=v10.0 -mlittle-endian -mxl-soft-mul" "EXTRA_COMPILER_FLAGS=-ffunction-sections -fdata-sections -Wall -Wextra"
Compiling standalone
microblaze_sleep.c:74:9: note: #pragma message: For the sleep routines, assembly instructions are used
 #pragma message ("For the sleep routines, assembly instructions are used")
         ^~~~~~~
mb-ar: creating ../../../lib/libxil.a
Running Make libs in microblaze_0/libsrc/AXI_rc_servo_controller_v1_0/src
make -C microblaze_0/libsrc/AXI_rc_servo_controller_v1_0/src -s libs  "SHELL=/bin/sh" "COMPILER=mb-gcc" "ARCHIVER=mb-ar" "COMPILER_FLAGS=  -O2 -c -mcpu=v10.0 -mlittle-endian -mxl-soft-mul" "EXTRA_COMPILER_FLAGS=-ffunction-sections -fdata-sections -Wall -Wextra"
Compiling AXI_rc_servo_controller...
AXI_rc_servo_controller_selftest.c: In function 'AXI_RC_SERVO_CONTROLLER_Reg_SelfTest':
AXI_rc_servo_controller_selftest.c:52:72: warning: comparison between signed and unsigned integer expressions [-Wsign-compare]
    if ( AXI_RC_SERVO_CONTROLLER_mReadReg (baseaddr, read_loop_index*4) != (read_loop_index+1)*READ_WRITE_MUL_FACTOR){
                                                                        ^~
AXI_rc_servo_controller_selftest.c:36:6: warning: unused variable 'Index' [-Wunused-variable]
  int Index;
      ^~~~~
Running Make libs in microblaze_0/libsrc/uartlite_v3_2/src
make -C microblaze_0/libsrc/uartlite_v3_2/src -s libs  "SHELL=/bin/sh" "COMPILER=mb-gcc" "ARCHIVER=mb-ar" "COMPILER_FLAGS=  -O2 -c -mcpu=v10.0 -mlittle-endian -mxl-soft-mul" "EXTRA_COMPILER_FLAGS=-ffunction-sections -fdata-sections -Wall -Wextra"
Compiling uartlite
Running Make libs in microblaze_0/libsrc/bram_v4_2/src
make -C microblaze_0/libsrc/bram_v4_2/src -s libs  "SHELL=/bin/sh" "COMPILER=mb-gcc" "ARCHIVER=mb-ar" "COMPILER_FLAGS=  -O2 -c -mcpu=v10.0 -mlittle-endian -mxl-soft-mul" "EXTRA_COMPILER_FLAGS=-ffunction-sections -fdata-sections -Wall -Wextra"
Compiling bram
Running Make libs in microblaze_0/libsrc/cpu_v2_7/src
make -C microblaze_0/libsrc/cpu_v2_7/src -s libs  "SHELL=/bin/sh" "COMPILER=mb-gcc" "ARCHIVER=mb-ar" "COMPILER_FLAGS=  -O2 -c -mcpu=v10.0 -mlittle-endian -mxl-soft-mul" "EXTRA_COMPILER_FLAGS=-ffunction-sections -fdata-sections -Wall -Wextra"
Compiling cpu
Finished building libraries

**** Build of configuration Debug for project project1 ****

Nothing to build for project project1

****  of configuration Debug for project project1 ****

Nothing to build for project project1
15:02:11 **** Build of configuration Debug for project test_software ****
make all 
Building file: ../src/helloworld.c
Invoking: MicroBlaze gcc compiler
mb-gcc -Wall -O0 -g3 -c -fmessage-length=0 -MT"src/helloworld.o" -I../../standalone_bsp_0/microblaze_0/include -mlittle-endian -mcpu=v10.0 -mxl-soft-mul -Wl,--no-relax -ffunction-sections -fdata-sections -MMD -MP -MF"src/helloworld.d" -MT"src/helloworld.o" -o "src/helloworld.o" "../src/helloworld.c"
Finished building: ../src/helloworld.c
 
Building file: ../src/platform.c
Invoking: MicroBlaze gcc compiler
mb-gcc -Wall -O0 -g3 -c -fmessage-length=0 -MT"src/platform.o" -I../../standalone_bsp_0/microblaze_0/include -mlittle-endian -mcpu=v10.0 -mxl-soft-mul -Wl,--no-relax -ffunction-sections -fdata-sections -MMD -MP -MF"src/platform.d" -MT"src/platform.o" -o "src/platform.o" "../src/platform.c"
Finished building: ../src/platform.c
 
Building target: test_software.elf
Invoking: MicroBlaze gcc linker
mb-gcc -Wl,-T -Wl,../src/lscript.ld -L../../standalone_bsp_0/microblaze_0/lib -mlittle-endian -mcpu=v10.0 -mxl-soft-mul -Wl,--no-relax -Wl,--gc-sections -o "test_software.elf"  ./src/helloworld.o ./src/platform.o   -Wl,--start-group,-lxil,-lgcc,-lc,--end-group
Finished building target: test_software.elf
 
Invoking: MicroBlaze Print Size
mb-size test_software.elf  |tee "test_software.elf.size"
   text	   data	    bss	    dec	    hex	filename
   2712	    268	   3108	   6088	   17c8	test_software.elf
Finished building: test_software.elf.size
 
15:02:57 **** Auto Build of configuration Debug for project test_software ****
make all 
Building file: ../src/helloworld.c
Invoking: MicroBlaze gcc compiler
mb-gcc -Wall -O0 -g3 -c -fmessage-length=0 -MT"src/helloworld.o" -I../../standalone_bsp_0/microblaze_0/include -mlittle-endian -mcpu=v10.0 -mxl-soft-mul -Wl,--no-relax -ffunction-sections -fdata-sections -MMD -MP -MF"src/helloworld.d" -MT"src/helloworld.o" -o "src/helloworld.o" "../src/helloworld.c"
Finished building: ../src/helloworld.c
 
Building target: test_software.elf
Invoking: MicroBlaze gcc linker
mb-gcc -Wl,-T -Wl,../src/lscript.ld -L../../standalone_bsp_0/microblaze_0/lib -mlittle-endian -mcpu=v10.0 -mxl-soft-mul -Wl,--no-relax -Wl,--gc-sections -o "test_software.elf"  ./src/helloworld.o ./src/platform.o   -Wl,--start-group,-lxil,-lgcc,-lc,--end-group
Finished building target: test_software.elf
 
Invoking: MicroBlaze Print Size
mb-size test_software.elf  |tee "test_software.elf.size"
   text	   data	    bss	    dec	    hex	filename
   2364	    268	   3112	   5744	   1670	test_software.elf
Finished building: test_software.elf.size
 
15:06:46 **** Auto Build of configuration Debug for project test_software ****
make all 
Building file: ../src/helloworld.c
Invoking: MicroBlaze gcc compiler
mb-gcc -Wall -O0 -g3 -c -fmessage-length=0 -MT"src/helloworld.o" -I../../standalone_bsp_0/microblaze_0/include -mlittle-endian -mcpu=v10.0 -mxl-soft-mul -Wl,--no-relax -ffunction-sections -fdata-sections -MMD -MP -MF"src/helloworld.d" -MT"src/helloworld.o" -o "src/helloworld.o" "../src/helloworld.c"
Finished building: ../src/helloworld.c
 
Building target: test_software.elf
Invoking: MicroBlaze gcc linker
mb-gcc -Wl,-T -Wl,../src/lscript.ld -L../../standalone_bsp_0/microblaze_0/lib -mlittle-endian -mcpu=v10.0 -mxl-soft-mul -Wl,--no-relax -Wl,--gc-sections -o "test_software.elf"  ./src/helloworld.o ./src/platform.o   -Wl,--start-group,-lxil,-lgcc,-lc,--end-group
Finished building target: test_software.elf
 
Invoking: MicroBlaze Print Size
mb-size test_software.elf  |tee "test_software.elf.size"
   text	   data	    bss	    dec	    hex	filename
  91976	   1436	   3188	  96600	  17958	test_software.elf
Finished building: test_software.elf.size
 
15:06:58 **** Incremental Build of configuration Debug for project test_software ****
make all 
make: No se hace nada para 'all'.
15:09:41 **** Incremental Build of configuration Debug for project test_software ****
make all 
Building file: ../src/helloworld.c
Invoking: MicroBlaze gcc compiler
mb-gcc -Wall -O0 -g3 -c -fmessage-length=0 -MT"src/helloworld.o" -I../../standalone_bsp_0/microblaze_0/include -mlittle-endian -mcpu=v10.0 -mxl-soft-mul -Wl,--no-relax -ffunction-sections -fdata-sections -MMD -MP -MF"src/helloworld.d" -MT"src/helloworld.o" -o "src/helloworld.o" "../src/helloworld.c"
Finished building: ../src/helloworld.c
 
Building target: test_software.elf
Invoking: MicroBlaze gcc linker
mb-gcc -Wl,-T -Wl,../src/lscript.ld -L../../standalone_bsp_0/microblaze_0/lib -mlittle-endian -mcpu=v10.0 -mxl-soft-mul -Wl,--no-relax -Wl,--gc-sections -o "test_software.elf"  ./src/helloworld.o ./src/platform.o   -Wl,--start-group,-lxil,-lgcc,-lc,--end-group
Finished building target: test_software.elf
 
Invoking: MicroBlaze Print Size
mb-size test_software.elf  |tee "test_software.elf.size"
   text	   data	    bss	    dec	    hex	filename
  91976	   1436	   3188	  96600	  17958	test_software.elf
Finished building: test_software.elf.size
 
15:10:46 **** Incremental Build of configuration Debug for project test_software ****
make all 
Building file: ../src/helloworld.c
Invoking: MicroBlaze gcc compiler
mb-gcc -Wall -O0 -g3 -c -fmessage-length=0 -MT"src/helloworld.o" -I../../standalone_bsp_0/microblaze_0/include -mlittle-endian -mcpu=v10.0 -mxl-soft-mul -Wl,--no-relax -ffunction-sections -fdata-sections -MMD -MP -MF"src/helloworld.d" -MT"src/helloworld.o" -o "src/helloworld.o" "../src/helloworld.c"
Finished building: ../src/helloworld.c
 
Building target: test_software.elf
Invoking: MicroBlaze gcc linker
mb-gcc -Wl,-T -Wl,../src/lscript.ld -L../../standalone_bsp_0/microblaze_0/lib -mlittle-endian -mcpu=v10.0 -mxl-soft-mul -Wl,--no-relax -Wl,--gc-sections -o "test_software.elf"  ./src/helloworld.o ./src/platform.o   -Wl,--start-group,-lxil,-lgcc,-lc,--end-group
Finished building target: test_software.elf
 
Invoking: MicroBlaze Print Size
mb-size test_software.elf  |tee "test_software.elf.size"
   text	   data	    bss	    dec	    hex	filename
  91976	   1436	   3188	  96600	  17958	test_software.elf
Finished building: test_software.elf.size
 
15:12:53 **** Auto Build of configuration Debug for project test_software ****
make all 
Building file: ../src/helloworld.c
Invoking: MicroBlaze gcc compiler
mb-gcc -Wall -O0 -g3 -c -fmessage-length=0 -MT"src/helloworld.o" -I../../standalone_bsp_0/microblaze_0/include -mlittle-endian -mcpu=v10.0 -mxl-soft-mul -Wl,--no-relax -ffunction-sections -fdata-sections -MMD -MP -MF"src/helloworld.d" -MT"src/helloworld.o" -o "src/helloworld.o" "../src/helloworld.c"
../src/helloworld.c: In function 'get_custom_ip_register':
../src/helloworld.c:62:1: error: expected ';' before '}' token
 }
 ^
src/subdir.mk:24: recipe for target 'src/helloworld.o' failed
make: *** [src/helloworld.o] Error 1
15:13:02 **** Auto Build of configuration Debug for project test_software ****
make all 
Building file: ../src/helloworld.c
Invoking: MicroBlaze gcc compiler
mb-gcc -Wall -O0 -g3 -c -fmessage-length=0 -MT"src/helloworld.o" -I../../standalone_bsp_0/microblaze_0/include -mlittle-endian -mcpu=v10.0 -mxl-soft-mul -Wl,--no-relax -ffunction-sections -fdata-sections -MMD -MP -MF"src/helloworld.d" -MT"src/helloworld.o" -o "src/helloworld.o" "../src/helloworld.c"
Finished building: ../src/helloworld.c
 
Building target: test_software.elf
Invoking: MicroBlaze gcc linker
mb-gcc -Wl,-T -Wl,../src/lscript.ld -L../../standalone_bsp_0/microblaze_0/lib -mlittle-endian -mcpu=v10.0 -mxl-soft-mul -Wl,--no-relax -Wl,--gc-sections -o "test_software.elf"  ./src/helloworld.o ./src/platform.o   -Wl,--start-group,-lxil,-lgcc,-lc,--end-group
Finished building target: test_software.elf
 
Invoking: MicroBlaze Print Size
mb-size test_software.elf  |tee "test_software.elf.size"
   text	   data	    bss	    dec	    hex	filename
  91976	   1436	   3188	  96600	  17958	test_software.elf
Finished building: test_software.elf.size
 
15:14:15 **** Auto Build of configuration Debug for project test_software ****
make all 
Building file: ../src/helloworld.c
Invoking: MicroBlaze gcc compiler
mb-gcc -Wall -O0 -g3 -c -fmessage-length=0 -MT"src/helloworld.o" -I../../standalone_bsp_0/microblaze_0/include -mlittle-endian -mcpu=v10.0 -mxl-soft-mul -Wl,--no-relax -ffunction-sections -fdata-sections -MMD -MP -MF"src/helloworld.d" -MT"src/helloworld.o" -o "src/helloworld.o" "../src/helloworld.c"
Finished building: ../src/helloworld.c
 
Building target: test_software.elf
Invoking: MicroBlaze gcc linker
mb-gcc -Wl,-T -Wl,../src/lscript.ld -L../../standalone_bsp_0/microblaze_0/lib -mlittle-endian -mcpu=v10.0 -mxl-soft-mul -Wl,--no-relax -Wl,--gc-sections -o "test_software.elf"  ./src/helloworld.o ./src/platform.o   -Wl,--start-group,-lxil,-lgcc,-lc,--end-group
Finished building target: test_software.elf
 
Invoking: MicroBlaze Print Size
mb-size test_software.elf  |tee "test_software.elf.size"
   text	   data	    bss	    dec	    hex	filename
  92160	   1436	   3188	  96784	  17a10	test_software.elf
Finished building: test_software.elf.size
 
15:14:20 **** Incremental Build of configuration Debug for project test_software ****
make all 
make: No se hace nada para 'all'.
15:14:41 **** Incremental Build of configuration Debug for project test_software ****
make all 
make: No se hace nada para 'all'.
15:15:45 **** Incremental Build of configuration Debug for project test_software ****
make all 
make: No se hace nada para 'all'.
15:16:43 **** Incremental Build of configuration Debug for project test_software ****
make all 
make: No se hace nada para 'all'.
15:18:57 **** Auto Build of configuration Debug for project test_software ****
make all 
Building file: ../src/test_project.c
Invoking: MicroBlaze gcc compiler
mb-gcc -Wall -O0 -g3 -c -fmessage-length=0 -MT"src/test_project.o" -I../../standalone_bsp_0/microblaze_0/include -mlittle-endian -mcpu=v10.0 -mxl-soft-mul -Wl,--no-relax -ffunction-sections -fdata-sections -MMD -MP -MF"src/test_project.d" -MT"src/test_project.o" -o "src/test_project.o" "../src/test_project.c"
Finished building: ../src/test_project.c
 
Building target: test_software.elf
Invoking: MicroBlaze gcc linker
mb-gcc -Wl,-T -Wl,../src/lscript.ld -L../../standalone_bsp_0/microblaze_0/lib -mlittle-endian -mcpu=v10.0 -mxl-soft-mul -Wl,--no-relax -Wl,--gc-sections -o "test_software.elf"  ./src/helloworld.o ./src/platform.o ./src/test_project.o   -Wl,--start-group,-lxil,-lgcc,-lc,--end-group
Finished building target: test_software.elf
 
Invoking: MicroBlaze Print Size
mb-size test_software.elf  |tee "test_software.elf.size"
   text	   data	    bss	    dec	    hex	filename
  92160	   1436	   3188	  96784	  17a10	test_software.elf
Finished building: test_software.elf.size
 
15:20:07 **** Auto Build of configuration Debug for project test_software ****
make all 
Building file: ../src/test_project.c
Invoking: MicroBlaze gcc compiler
mb-gcc -Wall -O0 -g3 -c -fmessage-length=0 -MT"src/test_project.o" -I../../standalone_bsp_0/microblaze_0/include -mlittle-endian -mcpu=v10.0 -mxl-soft-mul -Wl,--no-relax -ffunction-sections -fdata-sections -MMD -MP -MF"src/test_project.d" -MT"src/test_project.o" -o "src/test_project.o" "../src/test_project.c"
../src/test_project.c: In function 'set_servo_position':
../src/test_project.c:35:3: warning: implicit declaration of function 'set_custom_IP_register'; did you mean 'set_custom_ip_register'? [-Wimplicit-function-declaration]
   set_custom_IP_register(baseaddr, 8 + (servo_number*4), position);
   ^~~~~~~~~~~~~~~~~~~~~~
   set_custom_ip_register
Finished building: ../src/test_project.c
 
Building target: test_software.elf
Invoking: MicroBlaze gcc linker
mb-gcc -Wl,-T -Wl,../src/lscript.ld -L../../standalone_bsp_0/microblaze_0/lib -mlittle-endian -mcpu=v10.0 -mxl-soft-mul -Wl,--no-relax -Wl,--gc-sections -o "test_software.elf"  ./src/helloworld.o ./src/platform.o ./src/test_project.o   -Wl,--start-group,-lxil,-lgcc,-lc,--end-group
./src/test_project.o: In function `main':
[...]
   text	   data	    bss	    dec	    hex	filename
  93948	   1436	   3224	  98608	  18130	adder_tree_1.elf
Finished building: adder_tree_1.elf.size
 
21:55:17 **** Incremental Build of configuration Debug for project adder_tree_1 ****
make all 
make: No se hace nada para 'all'.
22:11:10 **** Incremental Build of configuration Debug for project adder_tree_1 ****
make all 
make: No se hace nada para 'all'.
22:12:09 **** Incremental Build of configuration Debug for project adder_tree_1 ****
make all 
Building file: ../src/helloworld.c
Invoking: MicroBlaze gcc compiler
mb-gcc -Wall -O0 -g3 -c -fmessage-length=0 -MT"src/helloworld.o" -I../../adder_tree_1_bsp/microblaze_0/include -mlittle-endian -mcpu=v10.0 -mxl-soft-mul -Wl,--no-relax -ffunction-sections -fdata-sections -MMD -MP -MF"src/helloworld.d" -MT"src/helloworld.o" -o "src/helloworld.o" "../src/helloworld.c"
Finished building: ../src/helloworld.c
 
Building target: adder_tree_1.elf
Invoking: MicroBlaze gcc linker
mb-gcc -Wl,-T -Wl,../src/lscript.ld -L../../adder_tree_1_bsp/microblaze_0/lib -mlittle-endian -mcpu=v10.0 -mxl-soft-mul -Wl,--no-relax -Wl,--gc-sections -o "adder_tree_1.elf"  ./src/helloworld.o ./src/platform.o   -Wl,--start-group,-lxil,-lgcc,-lc,--end-group
Finished building target: adder_tree_1.elf
 
Invoking: MicroBlaze Print Size
mb-size adder_tree_1.elf  |tee "adder_tree_1.elf.size"
   text	   data	    bss	    dec	    hex	filename
  94248	   1436	   3220	  98904	  18258	adder_tree_1.elf
Finished building: adder_tree_1.elf.size
 
22:12:25 **** Incremental Build of configuration Debug for project adder_tree_1 ****
make all 
make: No se hace nada para 'all'.
00:28:25 **** Incremental Build of configuration Debug for project adder_tree_1 ****
make all 
make: No se hace nada para 'all'.
00:29:00 **** Incremental Build of configuration Debug for project adder_tree_1 ****
make all 
make: No se hace nada para 'all'.
00:30:13 **** Incremental Build of configuration Debug for project adder_tree_1 ****
make all 
Building file: ../src/helloworld.c
Invoking: MicroBlaze gcc compiler
mb-gcc -Wall -O0 -g3 -c -fmessage-length=0 -MT"src/helloworld.o" -I../../adder_tree_1_bsp/microblaze_0/include -mlittle-endian -mcpu=v10.0 -mxl-soft-mul -Wl,--no-relax -ffunction-sections -fdata-sections -MMD -MP -MF"src/helloworld.d" -MT"src/helloworld.o" -o "src/helloworld.o" "../src/helloworld.c"
Finished building: ../src/helloworld.c
 
Building target: adder_tree_1.elf
Invoking: MicroBlaze gcc linker
mb-gcc -Wl,-T -Wl,../src/lscript.ld -L../../adder_tree_1_bsp/microblaze_0/lib -mlittle-endian -mcpu=v10.0 -mxl-soft-mul -Wl,--no-relax -Wl,--gc-sections -o "adder_tree_1.elf"  ./src/helloworld.o ./src/platform.o   -Wl,--start-group,-lxil,-lgcc,-lc,--end-group
Finished building target: adder_tree_1.elf
 
Invoking: MicroBlaze Print Size
mb-size adder_tree_1.elf  |tee "adder_tree_1.elf.size"
   text	   data	    bss	    dec	    hex	filename
  94248	   1436	   3220	  98904	  18258	adder_tree_1.elf
Finished building: adder_tree_1.elf.size
 
00:32:26 **** Incremental Build of configuration Debug for project adder_tree_1 ****
make all 
Building file: ../src/helloworld.c
Invoking: MicroBlaze gcc compiler
mb-gcc -Wall -O0 -g3 -c -fmessage-length=0 -MT"src/helloworld.o" -I../../adder_tree_1_bsp/microblaze_0/include -mlittle-endian -mcpu=v10.0 -mxl-soft-mul -Wl,--no-relax -ffunction-sections -fdata-sections -MMD -MP -MF"src/helloworld.d" -MT"src/helloworld.o" -o "src/helloworld.o" "../src/helloworld.c"
Finished building: ../src/helloworld.c
 
Building target: adder_tree_1.elf
Invoking: MicroBlaze gcc linker
mb-gcc -Wl,-T -Wl,../src/lscript.ld -L../../adder_tree_1_bsp/microblaze_0/lib -mlittle-endian -mcpu=v10.0 -mxl-soft-mul -Wl,--no-relax -Wl,--gc-sections -o "adder_tree_1.elf"  ./src/helloworld.o ./src/platform.o   -Wl,--start-group,-lxil,-lgcc,-lc,--end-group
Finished building target: adder_tree_1.elf
 
Invoking: MicroBlaze Print Size
mb-size adder_tree_1.elf  |tee "adder_tree_1.elf.size"
   text	   data	    bss	    dec	    hex	filename
  94248	   1436	   3220	  98904	  18258	adder_tree_1.elf
Finished building: adder_tree_1.elf.size
 
17:23:03 **** Incremental Build of configuration Debug for project adder_tree_1 ****
make all 
make: No se hace nada para 'all'.
17:23:07 **** Auto Build of project test_adder_tree_bsp ****
make -k all 
Running Make include in microblaze_0/libsrc/AXI_Adder_Tree_v1_0/src
make -C microblaze_0/libsrc/AXI_Adder_Tree_v1_0/src -s include  "SHELL=/bin/sh" "COMPILER=mb-gcc" "ARCHIVER=mb-ar" "COMPILER_FLAGS=  -O2 -c -mcpu=v10.0 -mlittle-endian -mxl-soft-mul" "EXTRA_COMPILER_FLAGS=-ffunction-sections -fdata-sections -Wall -Wextra"
Running Make include in microblaze_0/libsrc/standalone_v6_7/src
make -C microblaze_0/libsrc/standalone_v6_7/src -s include  "SHELL=/bin/sh" "COMPILER=mb-gcc" "ARCHIVER=mb-ar" "COMPILER_FLAGS=  -O2 -c -mcpu=v10.0 -mlittle-endian -mxl-soft-mul" "EXTRA_COMPILER_FLAGS=-ffunction-sections -fdata-sections -Wall -Wextra"
Running Make include in microblaze_0/libsrc/uartlite_v3_2/src
make -C microblaze_0/libsrc/uartlite_v3_2/src -s include  "SHELL=/bin/sh" "COMPILER=mb-gcc" "ARCHIVER=mb-ar" "COMPILER_FLAGS=  -O2 -c -mcpu=v10.0 -mlittle-endian -mxl-soft-mul" "EXTRA_COMPILER_FLAGS=-ffunction-sections -fdata-sections -Wall -Wextra"
Running Make include in microblaze_0/libsrc/bram_v4_2/src
make -C microblaze_0/libsrc/bram_v4_2/src -s include  "SHELL=/bin/sh" "COMPILER=mb-gcc" "ARCHIVER=mb-ar" "COMPILER_FLAGS=  -O2 -c -mcpu=v10.0 -mlittle-endian -mxl-soft-mul" "EXTRA_COMPILER_FLAGS=-ffunction-sections -fdata-sections -Wall -Wextra"
Running Make include in microblaze_0/libsrc/cpu_v2_7/src
make -C microblaze_0/libsrc/cpu_v2_7/src -s include  "SHELL=/bin/sh" "COMPILER=mb-gcc" "ARCHIVER=mb-ar" "COMPILER_FLAGS=  -O2 -c -mcpu=v10.0 -mlittle-endian -mxl-soft-mul" "EXTRA_COMPILER_FLAGS=-ffunction-sections -fdata-sections -Wall -Wextra"
Running Make libs in microblaze_0/libsrc/AXI_Adder_Tree_v1_0/src
make -C microblaze_0/libsrc/AXI_Adder_Tree_v1_0/src -s libs  "SHELL=/bin/sh" "COMPILER=mb-gcc" "ARCHIVER=mb-ar" "COMPILER_FLAGS=  -O2 -c -mcpu=v10.0 -mlittle-endian -mxl-soft-mul" "EXTRA_COMPILER_FLAGS=-ffunction-sections -fdata-sections -Wall -Wextra"
Compiling AXI_Adder_Tree...
AXI_Adder_Tree_selftest.c: In function 'AXI_ADDER_TREE_Reg_SelfTest':
AXI_Adder_Tree_selftest.c:52:63: warning: comparison between signed and unsigned integer expressions [-Wsign-compare]
    if ( AXI_ADDER_TREE_mReadReg (baseaddr, read_loop_index*4) != (read_loop_index+1)*READ_WRITE_MUL_FACTOR){
                                                               ^~
AXI_Adder_Tree_selftest.c:36:6: warning: unused variable 'Index' [-Wunused-variable]
  int Index;
      ^~~~~
Running Make libs in microblaze_0/libsrc/standalone_v6_7/src
make -C microblaze_0/libsrc/standalone_v6_7/src -s libs  "SHELL=/bin/sh" "COMPILER=mb-gcc" "ARCHIVER=mb-ar" "COMPILER_FLAGS=  -O2 -c -mcpu=v10.0 -mlittle-endian -mxl-soft-mul" "EXTRA_COMPILER_FLAGS=-ffunction-sections -fdata-sections -Wall -Wextra"
Compiling standalone
microblaze_sleep.c:74:9: note: #pragma message: For the sleep routines, assembly instructions are used
 #pragma message ("For the sleep routines, assembly instructions are used")
         ^~~~~~~
Running Make libs in microblaze_0/libsrc/uartlite_v3_2/src
make -C microblaze_0/libsrc/uartlite_v3_2/src -s libs  "SHELL=/bin/sh" "COMPILER=mb-gcc" "ARCHIVER=mb-ar" "COMPILER_FLAGS=  -O2 -c -mcpu=v10.0 -mlittle-endian -mxl-soft-mul" "EXTRA_COMPILER_FLAGS=-ffunction-sections -fdata-sections -Wall -Wextra"
Compiling uartlite
Running Make libs in microblaze_0/libsrc/bram_v4_2/src
make -C microblaze_0/libsrc/bram_v4_2/src -s libs  "SHELL=/bin/sh" "COMPILER=mb-gcc" "ARCHIVER=mb-ar" "COMPILER_FLAGS=  -O2 -c -mcpu=v10.0 -mlittle-endian -mxl-soft-mul" "EXTRA_COMPILER_FLAGS=-ffunction-sections -fdata-sections -Wall -Wextra"
Compiling bram
Running Make libs in microblaze_0/libsrc/cpu_v2_7/src
make -C microblaze_0/libsrc/cpu_v2_7/src -s libs  "SHELL=/bin/sh" "COMPILER=mb-gcc" "ARCHIVER=mb-ar" "COMPILER_FLAGS=  -O2 -c -mcpu=v10.0 -mlittle-endian -mxl-soft-mul" "EXTRA_COMPILER_FLAGS=-ffunction-sections -fdata-sections -Wall -Wextra"
Compiling cpu
Finished building libraries
17:23:11 **** Auto Build of configuration Debug for project test_adder_tree ****
make all 
Building file: ../src/helloworld.c
Invoking: MicroBlaze gcc compiler
mb-gcc -Wall -O0 -g3 -c -fmessage-length=0 -MT"src/helloworld.o" -I../../test_adder_tree_bsp/microblaze_0/include -mlittle-endian -mcpu=v10.0 -mxl-soft-mul -Wl,--no-relax -ffunction-sections -fdata-sections -MMD -MP -MF"src/helloworld.d" -MT"src/helloworld.o" -o "src/helloworld.o" "../src/helloworld.c"
Finished building: ../src/helloworld.c
 
Building file: ../src/platform.c
Invoking: MicroBlaze gcc compiler
mb-gcc -Wall -O0 -g3 -c -fmessage-length=0 -MT"src/platform.o" -I../../test_adder_tree_bsp/microblaze_0/include -mlittle-endian -mcpu=v10.0 -mxl-soft-mul -Wl,--no-relax -ffunction-sections -fdata-sections -MMD -MP -MF"src/platform.d" -MT"src/platform.o" -o "src/platform.o" "../src/platform.c"
Finished building: ../src/platform.c
 
Building target: test_adder_tree.elf
Invoking: MicroBlaze gcc linker
mb-gcc -Wl,-T -Wl,../src/lscript.ld -L../../test_adder_tree_bsp/microblaze_0/lib -mlittle-endian -mcpu=v10.0 -mxl-soft-mul -Wl,--no-relax -Wl,--gc-sections -o "test_adder_tree.elf"  ./src/helloworld.o ./src/platform.o   -Wl,--start-group,-lxil,-lgcc,-lc,--end-group
Finished building target: test_adder_tree.elf
 
Invoking: MicroBlaze Print Size
mb-size test_adder_tree.elf  |tee "test_adder_tree.elf.size"
   text	   data	    bss	    dec	    hex	filename
  27632	   1308	   3172	  32112	   7d70	test_adder_tree.elf
Finished building: test_adder_tree.elf.size
 
17:23:19 **** Auto Build of configuration Debug for project adder_tree_1 ****
make all 
Building file: ../src/helloworld.c
Invoking: MicroBlaze gcc compiler
mb-gcc -Wall -O0 -g3 -c -fmessage-length=0 -MT"src/helloworld.o" -I../../adder_tree_1_bsp/microblaze_0/include -mlittle-endian -mcpu=v10.0 -mxl-soft-mul -Wl,--no-relax -ffunction-sections -fdata-sections -MMD -MP -MF"src/helloworld.d" -MT"src/helloworld.o" -o "src/helloworld.o" "../src/helloworld.c"
Finished building: ../src/helloworld.c
 
Building target: adder_tree_1.elf
Invoking: MicroBlaze gcc linker
mb-gcc -Wl,-T -Wl,../src/lscript.ld -L../../adder_tree_1_bsp/microblaze_0/lib -mlittle-endian -mcpu=v10.0 -mxl-soft-mul -Wl,--no-relax -Wl,--gc-sections -o "adder_tree_1.elf"  ./src/helloworld.o ./src/platform.o   -Wl,--start-group,-lxil,-lgcc,-lc,--end-group
Finished building target: adder_tree_1.elf
 
Invoking: MicroBlaze Print Size
mb-size adder_tree_1.elf  |tee "adder_tree_1.elf.size"
   text	   data	    bss	    dec	    hex	filename
  94248	   1436	   3220	  98904	  18258	adder_tree_1.elf
Finished building: adder_tree_1.elf.size
 
17:23:30 **** Incremental Build of configuration Debug for project adder_tree_1 ****
make all 
make: No se hace nada para 'all'.
17:23:43 **** Incremental Build of configuration Debug for project adder_tree_1 ****
make all 
make: No se hace nada para 'all'.
17:32:03 **** Auto Build of configuration Debug for project adder_tree_1 ****
make all 
Building file: ../src/helloworld.c
Invoking: MicroBlaze gcc compiler
mb-gcc -Wall -O0 -g3 -c -fmessage-length=0 -MT"src/helloworld.o" -I../../adder_tree_1_bsp/microblaze_0/include -mlittle-endian -mcpu=v10.0 -mxl-soft-mul -Wl,--no-relax -ffunction-sections -fdata-sections -MMD -MP -MF"src/helloworld.d" -MT"src/helloworld.o" -o "src/helloworld.o" "../src/helloworld.c"
Finished building: ../src/helloworld.c
 
Building target: adder_tree_1.elf
Invoking: MicroBlaze gcc linker
mb-gcc -Wl,-T -Wl,../src/lscript.ld -L../../adder_tree_1_bsp/microblaze_0/lib -mlittle-endian -mcpu=v10.0 -mxl-soft-mul -Wl,--no-relax -Wl,--gc-sections -o "adder_tree_1.elf"  ./src/helloworld.o ./src/platform.o   -Wl,--start-group,-lxil,-lgcc,-lc,--end-group
Finished building target: adder_tree_1.elf
 
Invoking: MicroBlaze Print Size
mb-size adder_tree_1.elf  |tee "adder_tree_1.elf.size"
   text	   data	    bss	    dec	    hex	filename
  94248	   1436	   3220	  98904	  18258	adder_tree_1.elf
Finished building: adder_tree_1.elf.size
 
17:32:06 **** Incremental Build of configuration Debug for project adder_tree_1 ****
make all 
make: No se hace nada para 'all'.
17:33:36 **** Auto Build of configuration Debug for project adder_tree_1 ****
make all 
Building file: ../src/helloworld.c
Invoking: MicroBlaze gcc compiler
mb-gcc -Wall -O0 -g3 -c -fmessage-length=0 -MT"src/helloworld.o" -I../../adder_tree_1_bsp/microblaze_0/include -mlittle-endian -mcpu=v10.0 -mxl-soft-mul -Wl,--no-relax -ffunction-sections -fdata-sections -MMD -MP -MF"src/helloworld.d" -MT"src/helloworld.o" -o "src/helloworld.o" "../src/helloworld.c"
Finished building: ../src/helloworld.c
 
Building target: adder_tree_1.elf
Invoking: MicroBlaze gcc linker
mb-gcc -Wl,-T -Wl,../src/lscript.ld -L../../adder_tree_1_bsp/microblaze_0/lib -mlittle-endian -mcpu=v10.0 -mxl-soft-mul -Wl,--no-relax -Wl,--gc-sections -o "adder_tree_1.elf"  ./src/helloworld.o ./src/platform.o   -Wl,--start-group,-lxil,-lgcc,-lc,--end-group
Finished building target: adder_tree_1.elf
 
Invoking: MicroBlaze Print Size
mb-size adder_tree_1.elf  |tee "adder_tree_1.elf.size"
   text	   data	    bss	    dec	    hex	filename
  94404	   1436	   3224	  99064	  182f8	adder_tree_1.elf
Finished building: adder_tree_1.elf.size
 
17:33:38 **** Incremental Build of configuration Debug for project adder_tree_1 ****
make all 
make: No se hace nada para 'all'.
17:33:53 **** Incremental Build of configuration Debug for project adder_tree_1 ****
make all 
make: No se hace nada para 'all'.
18:15:29 **** Incremental Build of configuration Debug for project adder_tree_1 ****
make all 
make: No se hace nada para 'all'.
18:15:43 **** Incremental Build of configuration Debug for project adder_tree_1 ****
make all 
make: No se hace nada para 'all'.
23:27:24 **** Incremental Build of configuration Debug for project adder_tree_1 ****
make all 
make: No se hace nada para 'all'.
23:27:32 **** Auto Build of project test_adder_tree_bsp ****
make -k all 
Running Make include in microblaze_0/libsrc/AXI_Adder_Tree_v1_0/src
make -C microblaze_0/libsrc/AXI_Adder_Tree_v1_0/src -s include  "SHELL=/bin/sh" "COMPILER=mb-gcc" "ARCHIVER=mb-ar" "COMPILER_FLAGS=  -O2 -c -mcpu=v10.0 -mlittle-endian -mxl-soft-mul" "EXTRA_COMPILER_FLAGS=-ffunction-sections -fdata-sections -Wall -Wextra"
Running Make include in microblaze_0/libsrc/standalone_v6_7/src
make -C microblaze_0/libsrc/standalone_v6_7/src -s include  "SHELL=/bin/sh" "COMPILER=mb-gcc" "ARCHIVER=mb-ar" "COMPILER_FLAGS=  -O2 -c -mcpu=v10.0 -mlittle-endian -mxl-soft-mul" "EXTRA_COMPILER_FLAGS=-ffunction-sections -fdata-sections -Wall -Wextra"
Running Make include in microblaze_0/libsrc/uartlite_v3_2/src
make -C microblaze_0/libsrc/uartlite_v3_2/src -s include  "SHELL=/bin/sh" "COMPILER=mb-gcc" "ARCHIVER=mb-ar" "COMPILER_FLAGS=  -O2 -c -mcpu=v10.0 -mlittle-endian -mxl-soft-mul" "EXTRA_COMPILER_FLAGS=-ffunction-sections -fdata-sections -Wall -Wextra"
Running Make include in microblaze_0/libsrc/bram_v4_2/src
make -C microblaze_0/libsrc/bram_v4_2/src -s include  "SHELL=/bin/sh" "COMPILER=mb-gcc" "ARCHIVER=mb-ar" "COMPILER_FLAGS=  -O2 -c -mcpu=v10.0 -mlittle-endian -mxl-soft-mul" "EXTRA_COMPILER_FLAGS=-ffunction-sections -fdata-sections -Wall -Wextra"
Running Make include in microblaze_0/libsrc/cpu_v2_7/src
make -C microblaze_0/libsrc/cpu_v2_7/src -s include  "SHELL=/bin/sh" "COMPILER=mb-gcc" "ARCHIVER=mb-ar" "COMPILER_FLAGS=  -O2 -c -mcpu=v10.0 -mlittle-endian -mxl-soft-mul" "EXTRA_COMPILER_FLAGS=-ffunction-sections -fdata-sections -Wall -Wextra"
Running Make libs in microblaze_0/libsrc/AXI_Adder_Tree_v1_0/src
make -C microblaze_0/libsrc/AXI_Adder_Tree_v1_0/src -s libs  "SHELL=/bin/sh" "COMPILER=mb-gcc" "ARCHIVER=mb-ar" "COMPILER_FLAGS=  -O2 -c -mcpu=v10.0 -mlittle-endian -mxl-soft-mul" "EXTRA_COMPILER_FLAGS=-ffunction-sections -fdata-sections -Wall -Wextra"
Compiling AXI_Adder_Tree...
AXI_Adder_Tree_selftest.c: In function 'AXI_ADDER_TREE_Reg_SelfTest':
AXI_Adder_Tree_selftest.c:52:63: warning: comparison between signed and unsigned integer expressions [-Wsign-compare]
    if ( AXI_ADDER_TREE_mReadReg (baseaddr, read_loop_index*4) != (read_loop_index+1)*READ_WRITE_MUL_FACTOR){
                                                               ^~
AXI_Adder_Tree_selftest.c:36:6: warning: unused variable 'Index' [-Wunused-variable]
  int Index;
      ^~~~~
Running Make libs in microblaze_0/libsrc/standalone_v6_7/src
make -C microblaze_0/libsrc/standalone_v6_7/src -s libs  "SHELL=/bin/sh" "COMPILER=mb-gcc" "ARCHIVER=mb-ar" "COMPILER_FLAGS=  -O2 -c -mcpu=v10.0 -mlittle-endian -mxl-soft-mul" "EXTRA_COMPILER_FLAGS=-ffunction-sections -fdata-sections -Wall -Wextra"
Compiling standalone
microblaze_sleep.c:74:9: note: #pragma message: For the sleep routines, assembly instructions are used
 #pragma message ("For the sleep routines, assembly instructions are used")
         ^~~~~~~
Running Make libs in microblaze_0/libsrc/uartlite_v3_2/src
make -C microblaze_0/libsrc/uartlite_v3_2/src -s libs  "SHELL=/bin/sh" "COMPILER=mb-gcc" "ARCHIVER=mb-ar" "COMPILER_FLAGS=  -O2 -c -mcpu=v10.0 -mlittle-endian -mxl-soft-mul" "EXTRA_COMPILER_FLAGS=-ffunction-sections -fdata-sections -Wall -Wextra"
Compiling uartlite
Running Make libs in microblaze_0/libsrc/bram_v4_2/src
make -C microblaze_0/libsrc/bram_v4_2/src -s libs  "SHELL=/bin/sh" "COMPILER=mb-gcc" "ARCHIVER=mb-ar" "COMPILER_FLAGS=  -O2 -c -mcpu=v10.0 -mlittle-endian -mxl-soft-mul" "EXTRA_COMPILER_FLAGS=-ffunction-sections -fdata-sections -Wall -Wextra"
Compiling bram
Running Make libs in microblaze_0/libsrc/cpu_v2_7/src
make -C microblaze_0/libsrc/cpu_v2_7/src -s libs  "SHELL=/bin/sh" "COMPILER=mb-gcc" "ARCHIVER=mb-ar" "COMPILER_FLAGS=  -O2 -c -mcpu=v10.0 -mlittle-endian -mxl-soft-mul" "EXTRA_COMPILER_FLAGS=-ffunction-sections -fdata-sections -Wall -Wextra"
Compiling cpu
Finished building libraries
23:27:41 **** Auto Build of configuration Debug for project test_adder_tree ****
make all 
Building file: ../src/helloworld.c
Invoking: MicroBlaze gcc compiler
mb-gcc -Wall -O0 -g3 -c -fmessage-length=0 -MT"src/helloworld.o" -I../../test_adder_tree_bsp/microblaze_0/include -mlittle-endian -mcpu=v10.0 -mxl-soft-mul -Wl,--no-relax -ffunction-sections -fdata-sections -MMD -MP -MF"src/helloworld.d" -MT"src/helloworld.o" -o "src/helloworld.o" "../src/helloworld.c"
Finished building: ../src/helloworld.c
 
Building file: ../src/platform.c
Invoking: MicroBlaze gcc compiler
mb-gcc -Wall -O0 -g3 -c -fmessage-length=0 -MT"src/platform.o" -I../../test_adder_tree_bsp/microblaze_0/include -mlittle-endian -mcpu=v10.0 -mxl-soft-mul -Wl,--no-relax -ffunction-sections -fdata-sections -MMD -MP -MF"src/platform.d" -MT"src/platform.o" -o "src/platform.o" "../src/platform.c"
Finished building: ../src/platform.c
 
Building target: test_adder_tree.elf
Invoking: MicroBlaze gcc linker
mb-gcc -Wl,-T -Wl,../src/lscript.ld -L../../test_adder_tree_bsp/microblaze_0/lib -mlittle-endian -mcpu=v10.0 -mxl-soft-mul -Wl,--no-relax -Wl,--gc-sections -o "test_adder_tree.elf"  ./src/helloworld.o ./src/platform.o   -Wl,--start-group,-lxil,-lgcc,-lc,--end-group
Finished building target: test_adder_tree.elf
 
Invoking: MicroBlaze Print Size
mb-size test_adder_tree.elf  |tee "test_adder_tree.elf.size"
   text	   data	    bss	    dec	    hex	filename
  27632	   1308	   3172	  32112	   7d70	test_adder_tree.elf
Finished building: test_adder_tree.elf.size
 
23:28:00 **** Incremental Build of configuration Debug for project adder_tree_1 ****
make all 
make: No se hace nada para 'all'.
00:21:42 **** Incremental Build of configuration Debug for project adder_tree_1 ****
make all 
make: No se hace nada para 'all'.
00:21:51 **** Incremental Build of configuration Debug for project adder_tree_1 ****
make all 
make: No se hace nada para 'all'.
